Archive member included because of file (symbol)

C:/devkitPro/libnds/lib\libnds9.a(background.o)
                              handleEvent.o (bgUpdate)
C:/devkitPro/libnds/lib\libnds9.a(console.o)
                              main.o (consoleDemoInit)
C:/devkitPro/libnds/lib\libnds9.a(keyboard.o)
                              main.o (keyboardDemoInit)
C:/devkitPro/libnds/lib\libnds9.a(keys.o)
                              handleEvent.o (scanKeys)
C:/devkitPro/libnds/lib\libnds9.a(sassert.o)
                              handleEvent.o (__sassert)
C:/devkitPro/libnds/lib\libnds9.a(sprite.o)
                              handleEvent.o (oamInit)
C:/devkitPro/libnds/lib\libnds9.a(sprite_alloc.o)
                              C:/devkitPro/libnds/lib\libnds9.a(sprite.o) (oamAllocReset)
C:/devkitPro/libnds/lib\libnds9.a(touch.o)
                              C:/devkitPro/libnds/lib\libnds9.a(keyboard.o) (touchRead)
C:/devkitPro/libnds/lib\libnds9.a(trig.o)
                              C:/devkitPro/libnds/lib\libnds9.a(background.o) (sinLerp)
C:/devkitPro/libnds/lib\libnds9.a(initSystem.o)
                              c:/devkitpro/devkitarm/bin/../lib/gcc/arm-eabi/4.5.1/../../../../arm-eabi/lib/thumb/ds_arm9_crt0.o (initSystem)
C:/devkitPro/libnds/lib\libnds9.a(fifosystem.o)
                              C:/devkitPro/libnds/lib\libnds9.a(initSystem.o) (fifoSendValue32)
C:/devkitPro/libnds/lib\libnds9.a(interrupts.o)
                              C:/devkitPro/libnds/lib\libnds9.a(fifosystem.o) (irqSet)
C:/devkitPro/libnds/lib\libnds9.a(libnds_exit.o)
                              c:/devkitpro/devkitarm/bin/../lib/gcc/arm-eabi/4.5.1/../../../../arm-eabi/lib/thumb/ds_arm9_crt0.o (__libnds_exit)
C:/devkitPro/libnds/lib\libnds9.a(dcache.o)
                              C:/devkitPro/libnds/lib\libnds9.a(sprite.o) (DC_FlushRange)
C:/devkitPro/libnds/lib\libnds9.a(mpu_setup.o)
                              c:/devkitpro/devkitarm/bin/../lib/gcc/arm-eabi/4.5.1/../../../../arm-eabi/lib/thumb/ds_arm9_crt0.o (__libnds_mpu_setup)
C:/devkitPro/libnds/lib\libnds9.a(biosCalls.o)
                              C:/devkitPro/libnds/lib\libnds9.a(fifosystem.o) (swiIntrWait)
C:/devkitPro/libnds/lib\libnds9.a(debugprint.o)
                              C:/devkitPro/libnds/lib\libnds9.a(console.o) (nocashWrite)
C:/devkitPro/libnds/lib\libnds9.a(interruptDispatcher.o)
                              C:/devkitPro/libnds/lib\libnds9.a(interrupts.o) (IntrMain)
C:/devkitPro/libnds/lib\libnds9.a(swiSoftReset.o)
                              C:/devkitPro/libnds/lib\libnds9.a(fifosystem.o) (swiSoftReset)
C:/devkitPro/libnds/lib\libnds9.a(default_font.bin.o)
                              C:/devkitPro/libnds/lib\libnds9.a(console.o) (default_font_bin)
C:/devkitPro/libnds/lib\libnds9.a(keyboardGfx.o)
                              C:/devkitPro/libnds/lib\libnds9.a(keyboard.o) (keyboardGfxTiles)
C:/devkitPro/libnds/lib\libnds9.a(decompress.o)
                              C:/devkitPro/libnds/lib\libnds9.a(keyboard.o) (decompress)
C:/devkitPro/libnds/lib\libnds9.a(system.o)
                              C:/devkitPro/libnds/lib\libnds9.a(initSystem.o) (systemMsgHandler)
C:/devkitPro/libnds/lib\libnds9.a(video.o)
                              C:/devkitPro/libnds/lib\libnds9.a(initSystem.o) (vramDefault)
C:/devkitPro/libnds/lib\libnds9.a(syscalls.o)
                              C:/devkitPro/libnds/lib\libnds9.a(decompress.o) (swiDecompressLZSSVram)
c:/devkitpro/devkitarm/bin/../lib/gcc/arm-eabi/4.5.1/thumb\libgcc.a(_divsi3.o)
                              C:/devkitPro/libnds/lib\libnds9.a(keyboard.o) (__aeabi_idiv)
c:/devkitpro/devkitarm/bin/../lib/gcc/arm-eabi/4.5.1/thumb\libgcc.a(_dvmd_tls.o)
                              c:/devkitpro/devkitarm/bin/../lib/gcc/arm-eabi/4.5.1/thumb\libgcc.a(_divsi3.o) (__aeabi_idiv0)
c:/devkitpro/devkitarm/bin/../lib/gcc/arm-eabi/4.5.1/../../../../arm-eabi/lib/thumb\libg.a(lib_a-bsearch.o)
                              C:/devkitPro/libnds/lib\libnds9.a(trig.o) (bsearch)
c:/devkitpro/devkitarm/bin/../lib/gcc/arm-eabi/4.5.1/../../../../arm-eabi/lib/thumb\libg.a(lib_a-impure.o)
                              C:/devkitPro/libnds/lib\libnds9.a(console.o) (_impure_ptr)
c:/devkitpro/devkitarm/bin/../lib/gcc/arm-eabi/4.5.1/../../../../arm-eabi/lib/thumb\libg.a(lib_a-init.o)
                              c:/devkitpro/devkitarm/bin/../lib/gcc/arm-eabi/4.5.1/../../../../arm-eabi/lib/thumb/ds_arm9_crt0.o (__libc_init_array)
c:/devkitpro/devkitarm/bin/../lib/gcc/arm-eabi/4.5.1/../../../../arm-eabi/lib/thumb\libg.a(lib_a-iprintf.o)
                              handleEvent.o (iprintf)
c:/devkitpro/devkitarm/bin/../lib/gcc/arm-eabi/4.5.1/../../../../arm-eabi/lib/thumb\libg.a(lib_a-malloc.o)
                              C:/devkitPro/libnds/lib\libnds9.a(sprite_alloc.o) (malloc)
[...]
Memory Configuration

Name             Origin             Length             Attributes
rom              0x08000000         0x02000000
ewram            0x02000000         0x003ff000
dtcm             0x0b000000         0x00004000
vectors          0x01000000         0x00000100
itcm             0x01000100         0x00007f00
*default*        0x00000000         0xffffffff

Linker script and memory map

                0x01000000                __vectors_start = 0x1000000
                0x01000100                __itcm_start = 0x1000100
                0x023ff000                __ewram_end = 0x23ff000
                0x023ff000                __eheap_end = 0x23ff000
                0x0b000000                __dtcm_start = 0xb000000
                0x0b004000                __dtcm_top = 0xb004000
                0x0b003ff8                __irq_flags = (__dtcm_top - 0x8)
                0x0b003ffc                __irq_vector = (__dtcm_top - 0x4)
                0x0b003f00                __sp_svc = (__dtcm_top - 0x100)
                0x0b003e00                __sp_irq = (__sp_svc - 0x100)
                0x0b003d00                __sp_usr = (__sp_irq - 0x100)

.init           0x02000000      0x23c
                0x02000000                __text_start = .
 *(.init)
 .init          0x02000000      0x230 c:/devkitpro/devkitarm/bin/../lib/gcc/arm-eabi/4.5.1/../../../../arm-eabi/lib/thumb/ds_arm9_crt0.o
                0x02000000                _start
 .init          0x02000230        0x4 c:/devkitpro/devkitarm/bin/../lib/gcc/arm-eabi/4.5.1/thumb/crti.o
                0x02000230                _init
 .init          0x02000234        0x8 c:/devkitpro/devkitarm/bin/../lib/gcc/arm-eabi/4.5.1/thumb/crtn.o
                0x0200023c                . = ALIGN (0x4)

.plt
 *(.plt)

.text           0x02000240     0xbd80
 *(EXCLUDE_FILE(*.itcm*) .text)
 .text          0x02000240        0x0 c:/devkitpro/devkitarm/bin/../lib/gcc/arm-eabi/4.5.1/../../../../arm-eabi/lib/thumb/ds_arm9_crt0.o
 .text          0x02000240        0x0 c:/devkitpro/devkitarm/bin/../lib/gcc/arm-eabi/4.5.1/thumb/crti.o
 .text          0x02000240       0x6c c:/devkitpro/devkitarm/bin/../lib/gcc/arm-eabi/4.5.1/thumb/crtbegin.o
 .text          0x020002ac        0x0 cheese.o
 .text          0x020002ac        0x0 drunkenlogo.o
 .text          0x020002ac        0x0 drunkenlogo_2.o
 .text          0x020002ac        0x0 map.o
 .text          0x020002ac        0x0 the_end.o
 .text          0x020002ac        0x0 man.o
 .text          0x020002ac      0x6d4 handleEvent.o
                0x02000390                handleStart(s_data*)
                0x020003f8                handleAsk(s_data*)
                0x0200044c                handleEnd(s_data*)
                0x02000488                animateMan(s_player*)
                0x020004c0                initPlayer(s_player*, unsigned char*)
                0x020004e0                hidePlayer(s_data*)
                0x02000530                displaySpriteBg(int, int, s_data*, int)
                0x02000628                displayFrame(int, int, int, s_data*, bool)
                0x020006a8                handlePlay(s_data*)
 .text          0x02000980       0x50 main.o
                0x02000980                main
 .text          0x020009d0       0x88 utils.o
                0x020009d0                nget(char*, int)
 .text          0x02000a58      0x318 C:/devkitPro/libnds/lib\libnds9.a(background.o)
                0x02000a58                bgIsText
                0x02000a64                checkIfText
                0x02000ac4                bgUpdate
                0x02000be4                bgInit_call
                0x02000ca8                bgInitSub_call
 .text          0x02000d70      0xa2c C:/devkitPro/libnds/lib\libnds9.a(console.o)
                0x02000e04                nocash_write
                0x02000e14                consoleGetDefault
                0x02000e20                consoleSelect
                0x02000e30                consoleDebugInit
                0x02000e80                consolePrintChar
                0x02001020                consoleLoadFont
                0x020012b8                consoleSetFont
                0x020012d8                consoleInit
                0x02001450                consoleDemoInit
                0x02001494                con_write
                0x02001768                consoleClear
                0x02001778                consoleSetWindow
 .text          0x0200179c      0x7e0 C:/devkitPro/libnds/lib\libnds9.a(keyboard.o)
                0x0200179c                keyboardGetKey
                0x020017f4                keyboardShiftState
                0x02001884                swapKeyGfx
                0x020019e0                keyboardUpdate
                0x02001af4                keyboardGetDefault
                0x02001b00                keyboardInit
                0x02001d10                keyboardDemoInit
                0x02001d3c                keyboardShow
                0x02001e08                keyboardHide
                0x02001e90                keyboardRead
                0x02001f28                keyboardGetChar
                0x02001f54                keyboardGetString
 .text          0x02001f7c       0xf8 C:/devkitPro/libnds/lib\libnds9.a(keys.o)
                0x02001f7c                scanKeys
                0x02001fec                keysHeld
                0x02001ff8                keysDown
                0x02002008                keysDownRepeat
                0x02002018                keysSetRepeat
                0x02002030                keysUp
                0x02002040                keysCurrent
 .text          0x02002074       0x24 C:/devkitPro/libnds/lib\libnds9.a(sassert.o)
                0x02002074                __sassert
 .text          0x02002098      0x424 C:/devkitPro/libnds/lib\libnds9.a(sprite.o)
                0x02002098                oamInit
                0x020021a8                oamDisable
                0x020021d8                oamEnable
                0x02002208                oamGetGfxPtr
                0x0200223c                oamClear
                0x02002264                oamGfxPtrToOffset
                0x02002298                oamSet
                0x020023f8                oamUpdate
                0x0200245c                oamRotateScale
 .text          0x020024bc      0x558 C:/devkitPro/libnds/lib\libnds9.a(sprite_alloc.o)
                0x020024e8                oamAllocReset
                0x02002528                oamAllocateGfx
                0x020027a4                oamFreeGfx
                0x020029ac                oamCountFragments
 .text          0x02002a14       0x4c C:/devkitPro/libnds/lib\libnds9.a(touch.o)
                0x02002a14                touchRead
                0x02002a3c                touchReadXY
 .text          0x02002a60      0x238 C:/devkitPro/libnds/lib\libnds9.a(trig.o)
                0x02002a60                asinComp
                0x02002a84                sinLutLookup
                0x02002ac0                sinLerp
                0x02002af4                cosLerp
                0x02002b0c                tanLutLookup
                0x02002b44                tanLerp
                0x02002bf4                asinLerp
                0x02002c5c                acosLerp
                0x02002c74                atanComp
 .text          0x02002c98      0x14c C:/devkitPro/libnds/lib\libnds9.a(initSystem.o)
                0x02002c98                initSystem
 .text          0x02002de4      0xc98 C:/devkitPro/libnds/lib\libnds9.a(fifosystem.o)
                0x02003054                fifoSendAddress
                0x02003080                fifoSendValue32
                0x020030c0                fifoSendDatamsg
                0x02003138                fifoGetAddress
                0x020031a8                fifoSetAddressHandler
                0x0200321c                fifoGetValue32
                0x02003288                fifoSetValue32Handler
                0x020032fc                fifoGetDatamsg
                0x0200378c                fifoSetDatamsgHandler
                0x02003824                fifoCheckAddress
                0x02003848                fifoCheckDatamsg
                0x0200386c                fifoCheckValue32
                0x02003890                fifoInit
 .text          0x02003a7c      0x1cc C:/devkitPro/libnds/lib\libnds9.a(interrupts.o)
                0x02003a7c                irqDummy
                0x02003a80                irqSet
                0x02003aec                irqInit
                0x02003b38                irqInitHandler
                0x02003b68                irqEnable
                0x02003bc8                irqDisable
                0x02003c1c                irqClear
 .text          0x02003c48       0x40 C:/devkitPro/libnds/lib\libnds9.a(libnds_exit.o)
                0x02003c48                systemErrorExit
                0x02003c4c                __libnds_exit
 .text          0x02003c88       0x70 C:/devkitPro/libnds/lib\libnds9.a(dcache.o)
                0x02003c88                DC_FlushAll
                0x02003cb4                DC_FlushRange
                0x02003cd0                DC_InvalidateAll
                0x02003cdc                DC_InvalidateRange
 .text          0x02003cf8      0x1b4 C:/devkitPro/libnds/lib\libnds9.a(mpu_setup.o)
                0x02003cf8                __libnds_mpu_setup
                0x02003e38                memCached
                0x02003e50                memUncached
 *fill*         0x02003eac        0x4 ff
 .text          0x02003eb0       0x70 C:/devkitPro/libnds/lib\libnds9.a(biosCalls.o)
                0x02003eb0                swiDelay
                0x02003eb4                swiIntrWait
                0x02003eb8                swiWaitForVBlank
                0x02003ebc                swiSleep
                0x02003ec0                swiChangeSoundBias
                0x02003ec4                swiDivide
                0x02003ec8                swiRemainder
                0x02003ece                swiDivMod
                0x02003eda                swiCopy
                0x02003ede                swiFastCopy
                0x02003ee2                swiSqrt
                0x02003ee6                swiCRC16
                0x02003eea                swiIsDebugger
                0x02003eee                swiUnpackBits
                0x02003ef2                swiDecompressLZSSWram
                0x02003ef6                swiDecompressLZSSVramNTR
                0x02003efa                swiDecompressLZSSVramTWL
                0x02003efe                swiDecompressHuffman
                0x02003f02                swiDecompressRLEWram
                0x02003f06                swiDecompressRLEVram
                0x02003f0a                swiWaitForIRQ
                0x02003f0e                swiDecodeDelta8
                0x02003f12                swiDecodeDelta16
                0x02003f16                swiSetHaltCR
 .text          0x02003f20       0xa4 C:/devkitPro/libnds/lib\libnds9.a(debugprint.o)
                0x02003f20                nocashWrite
                0x02003f22                nocashMessage
 .text          0x02003fc4        0x0 C:/devkitPro/libnds/lib\libnds9.a(interruptDispatcher.o)
 *fill*         0x02003fc4        0xc ff
 .text          0x02003fd0       0x30 C:/devkitPro/libnds/lib\libnds9.a(swiSoftReset.o)
                0x02003fd0                swiSoftReset
 .text          0x02004000        0x0 C:/devkitPro/libnds/lib\libnds9.a(default_font.bin.o)
 .text          0x02004000        0x0 C:/devkitPro/libnds/lib\libnds9.a(keyboardGfx.o)
 .text          0x02004000       0x88 C:/devkitPro/libnds/lib\libnds9.a(decompress.o)
                0x02004000                getHeader
                0x02004004                readByte
                0x02004008                decompress
                0x02004048                decompressStream
 .text          0x02004088       0xf4 C:/devkitPro/libnds/lib\libnds9.a(system.o)
                0x02004088                systemMsgHandler
                0x020040cc                systemSleep
                0x020040e4                powerValueHandler
                0x020040f4                powerOn
                0x02004120                powerOff
                0x02004148                ledBlink
                0x0200415c                getBatteryLevel
 .text          0x0200417c      0x148 C:/devkitPro/libnds/lib\libnds9.a(video.o)
                0x0200417c                vramSetPrimaryBanks
                0x020041c0                vramSetMainBanks
                0x02004204                vramSetBanks_EFG
                0x0200423c                vramRestorePrimaryBanks
                0x02004248                vramRestoreMainBanks
                0x02004254                vramRestoreBanks_EFG
                0x02004260                setBrightness
                0x020042a0                vramDefault
 .text          0x020042c4       0x1c C:/devkitPro/libnds/lib\libnds9.a(syscalls.o)
                0x020042c4                swiDecompressLZSSVram
 .text          0x020042e0      0x150 c:/devkitpro/devkitarm/bin/../lib/gcc/arm-eabi/4.5.1/thumb\libgcc.a(_divsi3.o)
                0x020042e0                __divsi3
                0x020042e0                __aeabi_idiv
                0x02004410                __aeabi_idivmod
 .text          0x02004430        0x4 c:/devkitpro/devkitarm/bin/../lib/gcc/arm-eabi/4.5.1/thumb\libgcc.a(_dvmd_tls.o)
                0x02004430                __aeabi_idiv0
                0x02004430                __aeabi_ldiv0
 .text          0x02004434       0x60 c:/devkitpro/devkitarm/bin/../lib/gcc/arm-eabi/4.5.1/../../../../arm-eabi/lib/thumb\libg.a(lib_a-bsearch.o)
                0x02004434                bsearch
 .text          0x02004494        0x0 c:/devkitpro/devkitarm/bin/../lib/gcc/arm-eabi/4.5.1/../../../../arm-eabi/lib/thumb\libg.a(lib_a-impure.o)
 .text          0x02004494       0x88 c:/devkitpro/devkitarm/bin/../lib/gcc/arm-eabi/4.5.1/../../../../arm-eabi/lib/thumb\libg.a(lib_a-init.o)
                0x02004494                __libc_init_array
                0x020044e4                __libc_fini_array
 .text          0x0200451c       0x40 c:/devkitpro/devkitarm/bin/../lib/gcc/arm-eabi/4.5.1/../../../../arm-eabi/lib/thumb\libg.a(lib_a-iprintf.o)
                0x0200451c                iprintf
                0x02004540                _iprintf_r
 .text          0x0200455c       0x30 c:/devkitpro/devkitarm/bin/../lib/gcc/arm-eabi/4.5.1/../../../../arm-eabi/lib/thumb\libg.a(lib_a-malloc.o)
                0x0200455c                malloc
                0x02004574                free
 .text          0x0200458c      0x518 c:/devkitpro/devkitarm/bin/../lib/gcc/arm-eabi/4.5.1/../../../../arm-eabi/lib/thumb\libg.a(lib_a-mallocr.o)
                0x0200458c                _malloc_r
 .text          0x02004aa4       0x84 c:/devkitpro/devkitarm/bin/../lib/gcc/arm-eabi/4.5.1/../../../../arm-eabi/lib/thumb\libg.a(lib_a-memcpy.o)
                0x02004aa4                memcpy
 .text          0x02004b28       0x94 c:/devkitpro/devkitarm/bin/../lib/gcc/arm-eabi/4.5.1/../../../../arm-eabi/lib/thumb\libg.a(lib_a-memset.o)
                0x02004b28                memset
 .text          0x02004bbc        0x8 c:/devkitpro/devkitarm/bin/../lib/gcc/arm-eabi/4.5.1/../../../../arm-eabi/lib/thumb\libg.a(lib_a-mlock.o)
                0x02004bbc                __malloc_lock
                0x02004bc0                __malloc_unlock
 .text          0x02004bc4       0x1c c:/devkitpro/devkitarm/bin/../lib/gcc/arm-eabi/4.5.1/../../../../arm-eabi/lib/thumb\libg.a(lib_a-realloc.o)
                0x02004bc4                realloc
 .text          0x02004be0      0x41c c:/devkitpro/devkitarm/bin/../lib/gcc/arm-eabi/4.5.1/../../../../arm-eabi/lib/thumb\libg.a(lib_a-reallocr.o)
                0x02004be0                _realloc_r
 .text          0x02004ffc      0x114 c:/devkitpro/devkitarm/bin/../lib/gcc/arm-eabi/4.5.1/../../../../arm-eabi/lib/thumb\libg.a(lib_a-setvbuf.o)
                0x02004ffc                setvbuf
 .text          0x02005110       0xa0 c:/devkitpro/devkitarm/bin/../lib/gcc/arm-eabi/4.5.1/../../../../arm-eabi/lib/thumb\libg.a(lib_a-siscanf.o)
                0x02005110                siscanf
                0x02005160                _siscanf_r
 .text          0x020051b0       0xac c:/devkitpro/devkitarm/bin/../lib/gcc/arm-eabi/4.5.1/../../../../arm-eabi/lib/thumb\libg.a(lib_a-stdio.o)
                0x020051b0                __sread
                0x020051dc                __seofread
                0x020051e0                __swrite
                0x0200521c                __sseek
                0x0200524c                __sclose
 .text          0x0200525c       0x10 c:/devkitpro/devkitarm/bin/../lib/gcc/arm-eabi/4.5.1/../../../../arm-eabi/lib/thumb\libg.a(lib_a-strlen.o)
                0x0200525c                strlen
 .text          0x0200526c       0x6c c:/devkitpro/devkitarm/bin/../lib/gcc/arm-eabi/4.5.1/../../../../arm-eabi/lib/thumb\libg.a(lib_a-strncpy.o)
                0x0200526c                strncpy
 .text          0x020052d8      0xb60 c:/devkitpro/devkitarm/bin/../lib/gcc/arm-eabi/4.5.1/../../../../arm-eabi/lib/thumb\libg.a(lib_a-svfiscanf.o)
                0x020052d8                _sungetc_r
                0x02005364                __ssrefill_r
                0x020053a8                _sfread_r
                0x0200543c                __ssvfiscanf_r
 .text          0x02005e38      0x188 c:/devkitpro/devkitarm/bin/../lib/gcc/arm-eabi/4.5.1/../../../../arm-eabi/lib/thumb\libg.a(lib_a-ungetc.o)
                0x02005e38                __submore
                0x02005eb4                _ungetc_r
                0x02005fa4                ungetc
 .text          0x02005fc0      0xf14 c:/devkitpro/devkitarm/bin/../lib/gcc/arm-eabi/4.5.1/../../../../arm-eabi/lib/thumb\libg.a(lib_a-vfiprintf.o)
                0x02005fc0                __sprint_r
                0x02006048                _vfiprintf_r
                0x02006eb0                vfiprintf
 .text          0x02006ed4       0xf0 c:/devkitpro/devkitarm/bin/../lib/gcc/arm-eabi/4.5.1/../../../../arm-eabi/lib/thumb\libg.a(lib_a-wcrtomb.o)
                0x02006ed4                _wcrtomb_r
                0x02006f40                wcrtomb
 .text          0x02006fc4       0x48 c:/devkitpro/devkitarm/bin/../lib/gcc/arm-eabi/4.5.1/../../../../arm-eabi/lib/thumb\libg.a(lib_a-wcsrtombs.o)
                0x02006fc4                _wcsrtombs_r
                0x02006fe0                wcsrtombs
 .text          0x0200700c      0x294 c:/devkitpro/devkitarm/bin/../lib/gcc/arm-eabi/4.5.1/../../../../arm-eabi/lib/thumb\libg.a(lib_a-wctomb_r.o)
                0x0200700c                __utf8_wctomb
                0x020070d0                _wctomb_r
                0x02007108                __ascii_wctomb
                0x02007128                __sjis_wctomb
                0x02007198                __eucjp_wctomb
                0x0200721c                __jis_wctomb
 .text          0x020072a0       0xc4 c:/devkitpro/devkitarm/bin/../lib/gcc/arm-eabi/4.5.1/../../../../arm-eabi/lib/thumb\libg.a(lib_a-wsetup.o)
                0x020072a0                __swsetup_r
 .text          0x02007364       0x10 c:/devkitpro/devkitarm/bin/../lib/gcc/arm-eabi/4.5.1/../../../../arm-eabi/lib/thumb\libg.a(lib_a-ctype_.o)
                0x02007364                __set_ctype
 .text          0x02007374      0x18c c:/devkitpro/devkitarm/bin/../lib/gcc/arm-eabi/4.5.1/../../../../arm-eabi/lib/thumb\libg.a(lib_a-fflush.o)
                0x02007374                _fflush_r
                0x020074d0                fflush
 .text          0x02007500      0x238 c:/devkitpro/devkitarm/bin/../lib/gcc/arm-eabi/4.5.1/../../../../arm-eabi/lib/thumb\libg.a(lib_a-findfp.o)
                0x02007508                _cleanup_r
                0x0200751c                __sfmoreglue
                0x0200754c                _cleanup
                0x02007560                __sinit
                0x02007660                __sfp
                0x020076f0                __sfp_lock_acquire
                0x020076f4                __sfp_lock_release
                0x020076f8                __sinit_lock_acquire
                0x020076fc                __sinit_lock_release
                0x02007700                __fp_lock_all
                0x0200771c                __fp_unlock_all
 .text          0x02007738      0x10c c:/devkitpro/devkitarm/bin/../lib/gcc/arm-eabi/4.5.1/../../../../arm-eabi/lib/thumb\libg.a(lib_a-fputwc.o)
                0x02007738                _fputwc_r
                0x02007818                fputwc
 .text          0x02007844      0x244 c:/devkitpro/devkitarm/bin/../lib/gcc/arm-eabi/4.5.1/../../../../arm-eabi/lib/thumb\libg.a(lib_a-freer.o)
                0x02007844                _malloc_trim_r
                0x020078e8                _free_r
 .text          0x02007a88      0x33c c:/devkitpro/devkitarm/bin/../lib/gcc/arm-eabi/4.5.1/../../../../arm-eabi/lib/thumb\libg.a(lib_a-fvwrite.o)
                0x02007a88                __sfvwrite_r
 .text          0x02007dc4       0xbc c:/devkitpro/devkitarm/bin/../lib/gcc/arm-eabi/4.5.1/../../../../arm-eabi/lib/thumb\libg.a(lib_a-fwalk.o)
                0x02007dc4                _fwalk
                0x02007e1c                _fwalk_reent
 .text          0x02007e80       0x70 c:/devkitpro/devkitarm/bin/../lib/gcc/arm-eabi/4.5.1/../../../../arm-eabi/lib/thumb\libg.a(lib_a-iswspace.o)
                0x02007e80                iswspace
 .text          0x02007ef0      0x1f4 c:/devkitpro/devkitarm/bin/../lib/gcc/arm-eabi/4.5.1/../../../../arm-eabi/lib/thumb\libg.a(lib_a-jp2uc.o)
                0x02008080                _jp2uc
 .text          0x020080e4      0x7dc c:/devkitpro/devkitarm/bin/../lib/gcc/arm-eabi/4.5.1/../../../../arm-eabi/lib/thumb\libg.a(lib_a-locale.o)
                0x02008654                _setlocale_r
                0x02008870                __locale_charset
                0x0200887c                __locale_msgcharset
                0x02008888                __locale_cjk_lang
                0x02008894                _localeconv_r
                0x0200889c                setlocale
                0x020088b8                localeconv
 .text          0x020088c0       0xe8 c:/devkitpro/devkitarm/bin/../lib/gcc/arm-eabi/4.5.1/../../../../arm-eabi/lib/thumb\libg.a(lib_a-makebuf.o)
                0x020088c0                __smakebuf_r
 .text          0x020089a8      0x108 c:/devkitpro/devkitarm/bin/../lib/gcc/arm-eabi/4.5.1/../../../../arm-eabi/lib/thumb\libg.a(lib_a-mbrtowc.o)
                0x020089a8                _mbrtowc_r
                0x02008a20                mbrtowc
 .text          0x02008ab0      0x5e0 c:/devkitpro/devkitarm/bin/../lib/gcc/arm-eabi/4.5.1/../../../../arm-eabi/lib/thumb\libg.a(lib_a-mbtowc_r.o)
                0x02008ab0                __utf8_mbtowc
                0x02008d54                _mbtowc_r
                0x02008d90                __ascii_mbtowc
                0x02008dc0                __sjis_mbtowc
                0x02008e84                __eucjp_mbtowc
                0x02008f74                __jis_mbtowc
 .text          0x02009090       0x98 c:/devkitpro/devkitarm/bin/../lib/gcc/arm-eabi/4.5.1/../../../../arm-eabi/lib/thumb\libg.a(lib_a-memchr.o)
                0x02009090                memchr
 .text          0x02009128       0xa4 c:/devkitpro/devkitarm/bin/../lib/gcc/arm-eabi/4.5.1/../../../../arm-eabi/lib/thumb\libg.a(lib_a-memmove.o)
                0x02009128                memmove
 .text          0x020091cc       0x84 c:/devkitpro/devkitarm/bin/../lib/gcc/arm-eabi/4.5.1/../../../../arm-eabi/lib/thumb\libg.a(lib_a-sccl.o)
                0x020091cc                __sccl
 .text          0x02009250       0x54 c:/devkitpro/devkitarm/bin/../lib/gcc/arm-eabi/4.5.1/../../../../arm-eabi/lib/thumb\libg.a(lib_a-strcasecmp.o)
                0x02009250                strcasecmp
 .text          0x020092a4       0x48 c:/devkitpro/devkitarm/bin/../lib/gcc/arm-eabi/4.5.1/../../../../arm-eabi/lib/thumb\libg.a(lib_a-strcat.o)
                0x020092a4                strcat
 .text          0x020092ec       0xe8 c:/devkitpro/devkitarm/bin/../lib/gcc/arm-eabi/4.5.1/../../../../arm-eabi/lib/thumb\libg.a(lib_a-strchr.o)
                0x020092ec                strchr
 .text          0x020093d4       0x14 c:/devkitpro/devkitarm/bin/../lib/gcc/arm-eabi/4.5.1/../../../../arm-eabi/lib/thumb\libg.a(lib_a-strcmp.o)
                0x020093d4                strcmp
 .text          0x020093e8       0x10 c:/devkitpro/devkitarm/bin/../lib/gcc/arm-eabi/4.5.1/../../../../arm-eabi/lib/thumb\libg.a(lib_a-strcpy.o)
                0x020093e8                strcpy
 .text          0x020093f8       0x4c c:/devkitpro/devkitarm/bin/../lib/gcc/arm-eabi/4.5.1/../../../../arm-eabi/lib/thumb\libg.a(lib_a-strlcpy.o)
                0x020093f8                strlcpy
 .text          0x02009444       0x60 c:/devkitpro/devkitarm/bin/../lib/gcc/arm-eabi/4.5.1/../../../../arm-eabi/lib/thumb\libg.a(lib_a-strncasecmp.o)
                0x02009444                strncasecmp
 .text          0x020094a4       0xc0 c:/devkitpro/devkitarm/bin/../lib/gcc/arm-eabi/4.5.1/../../../../arm-eabi/lib/thumb\libg.a(lib_a-strncmp.o)
                0x020094a4                strncmp
 .text          0x02009564      0x188 c:/devkitpro/devkitarm/bin/../lib/gcc/arm-eabi/4.5.1/../../../../arm-eabi/lib/thumb\libg.a(lib_a-strtol.o)
                0x02009564                _strtol_r
                0x020096cc                strtol
 *fill*         0x020096ec        0x4 ff
 .text          0x020096f0      0x210 c:/devkitpro/devkitarm/bin/../lib/gcc/arm-eabi/4.5.1/../../../../arm-eabi/lib/thumb\libg.a(lib_a-strtoll_r.o)
                0x020096f0                _strtoll_r
 .text          0x02009900      0x194 c:/devkitpro/devkitarm/bin/../lib/gcc/arm-eabi/4.5.1/../../../../arm-eabi/lib/thumb\libg.a(lib_a-strtoul.o)
                0x02009900                _strtoul_r
                0x02009a74                strtoul
 *fill*         0x02009a94        0x4 ff
 .text          0x02009a98      0x230 c:/devkitpro/devkitarm/bin/../lib/gcc/arm-eabi/4.5.1/../../../../arm-eabi/lib/thumb\libg.a(lib_a-strtoull_r.o)
                0x02009a98                _strtoull_r
 .text          0x02009cc8       0xe0 c:/devkitpro/devkitarm/bin/../lib/gcc/arm-eabi/4.5.1/../../../../arm-eabi/lib/thumb\libg.a(lib_a-wbuf.o)
                0x02009cc8                __swbuf_r
                0x02009d8c                __swbuf
 .text          0x02009da8      0x148 c:/devkitpro/devkitarm/bin/../lib/gcc/arm-eabi/4.5.1/../../../../arm-eabi/lib/thumb\libg.a(lib_a-wcsnrtombs.o)
                0x02009da8                _wcsnrtombs_r
                0x02009ec0                wcsnrtombs
 .text          0x02009ef0       0xc0 c:/devkitpro/devkitarm/bin/../lib/gcc/arm-eabi/4.5.1/../../../../arm-eabi/lib/thumb\libg.a(lib_a-fclose.o)
                0x02009ef0                _fclose_r
                0x02009f94                fclose
 .text          0x02009fb0       0xa8 c:/devkitpro/devkitarm/bin/../lib/gcc/arm-eabi/4.5.1/../../../../arm-eabi/lib/thumb\libg.a(lib_a-getenv_r.o)
                0x02009fb0                _findenv_r
                0x0200a048                _getenv_r
 .text          0x0200a058        0x0 c:/devkitpro/devkitarm/bin/../lib/gcc/arm-eabi/4.5.1/../../../../arm-eabi/lib/thumb\libg.a(lib_a-environ.o)
 .text          0x0200a058        0x8 c:/devkitpro/devkitarm/bin/../lib/gcc/arm-eabi/4.5.1/../../../../arm-eabi/lib/thumb\libg.a(lib_a-envlock.o)
                0x0200a058                __env_lock
                0x0200a05c                __env_unlock
 .text          0x0200a060      0x144 c:/devkitpro/devkitarm/bin/../lib/gcc/arm-eabi/4.5.1/../../../../arm-eabi/lib/thumb\libsysbase.a(iosupport.o)
                0x0200a060                setDefaultDevice
                0x0200a074                FindDevice
                0x0200a0e4                RemoveDevice
                0x0200a108                AddDevice
                0x0200a184                GetDeviceOpTab
 .text          0x0200a1a4       0x54 c:/devkitpro/devkitarm/bin/../lib/gcc/arm-eabi/4.5.1/../../../../arm-eabi/lib/thumb\libsysbase.a(close.o)
                0x0200a1a4                _close_r
 .text          0x0200a1f8       0x58 c:/devkitpro/devkitarm/bin/../lib/gcc/arm-eabi/4.5.1/../../../../arm-eabi/lib/thumb\libsysbase.a(fstat.o)
                0x0200a1f8                _fstat_r
 .text          0x0200a250        0x4 c:/devkitpro/devkitarm/bin/../lib/gcc/arm-eabi/4.5.1/../../../../arm-eabi/lib/thumb\libsysbase.a(isatty.o)
                0x0200a250                _isatty_r
 .text          0x0200a254       0x54 c:/devkitpro/devkitarm/bin/../lib/gcc/arm-eabi/4.5.1/../../../../arm-eabi/lib/thumb\libsysbase.a(lseek.o)
                0x0200a254                _lseek_r
 .text          0x0200a2a8       0x54 c:/devkitpro/devkitarm/bin/../lib/gcc/arm-eabi/4.5.1/../../../../arm-eabi/lib/thumb\libsysbase.a(read.o)
                0x0200a2a8                _read_r
 .text          0x0200a2fc       0x54 c:/devkitpro/devkitarm/bin/../lib/gcc/arm-eabi/4.5.1/../../../../arm-eabi/lib/thumb\libsysbase.a(sbrk.o)
                0x0200a2fc                _sbrk_r
 .text          0x0200a350       0x48 c:/devkitpro/devkitarm/bin/../lib/gcc/arm-eabi/4.5.1/../../../../arm-eabi/lib/thumb\libsysbase.a(times.o)
                0x0200a350                _times
                0x0200a364                _times_r
                0x0200a36c                _gettimeofday_r
 .text          0x0200a398       0x54 c:/devkitpro/devkitarm/bin/../lib/gcc/arm-eabi/4.5.1/../../../../arm-eabi/lib/thumb\libsysbase.a(write.o)
                0x0200a398                _write_r
 .text          0x0200a3ec        0x0 c:/devkitpro/devkitarm/bin/../lib/gcc/arm-eabi/4.5.1/../../../../arm-eabi/lib/thumb\libsysbase.a(malloc_vars.o)
 .text          0x0200a3ec       0x4c c:/devkitpro/devkitarm/bin/../lib/gcc/arm-eabi/4.5.1/../../../../arm-eabi/lib/thumb\libsysbase.a(build_argv.o)
                0x0200a3ec                build_argv
 .text          0x0200a438        0x0 c:/devkitpro/devkitarm/bin/../lib/gcc/arm-eabi/4.5.1/../../../../arm-eabi/lib/thumb\libsysbase.a(syscall_support.o)
 .text          0x0200a438       0x80 c:/devkitpro/devkitarm/bin/../lib/gcc/arm-eabi/4.5.1/../../../../arm-eabi/lib/thumb\libsysbase.a(handle_manager.o)
                0x0200a438                __release_handle
                0x0200a464                __alloc_handle
                0x0200a49c                __get_handle
 .text          0x0200a4b8      0x11c c:/devkitpro/devkitarm/bin/../lib/gcc/arm-eabi/4.5.1/thumb\libgcc.a(_udivsi3.o)
                0x0200a4b8                __aeabi_uidiv
                0x0200a4b8                __udivsi3
                0x0200a5b4                __aeabi_uidivmod
 .text          0x0200a5d4       0x3c c:/devkitpro/devkitarm/bin/../lib/gcc/arm-eabi/4.5.1/thumb\libgcc.a(_aeabi_uldivmod.o)
                0x0200a5d4                __aeabi_uldivmod
 .text          0x0200a610       0x4c c:/devkitpro/devkitarm/bin/../lib/gcc/arm-eabi/4.5.1/thumb\libgcc.a(_muldi3.o)
                0x0200a610                __muldi3
                0x0200a610                __aeabi_lmul
 .text          0x0200a65c       0x70 c:/devkitpro/devkitarm/bin/../lib/gcc/arm-eabi/4.5.1/thumb\libgcc.a(bpabi.o)
                0x0200a65c                __gnu_ldivmod_helper
                0x0200a694                __gnu_uldivmod_helper
 .text          0x0200a6cc      0xa88 c:/devkitpro/devkitarm/bin/../lib/gcc/arm-eabi/4.5.1/thumb\libgcc.a(unwind-arm.o)
                0x0200a9b4                _Unwind_VRS_Get
                0x0200aa00                _Unwind_VRS_Set
                0x0200ad1c                __aeabi_unwind_cpp_pr2
                0x0200ad2c                __aeabi_unwind_cpp_pr1
                0x0200ad3c                __aeabi_unwind_cpp_pr0
                0x0200ad4c                _Unwind_VRS_Pop
                0x0200afcc                _Unwind_GetCFA
                0x0200afd0                __gnu_Unwind_RaiseException
                0x0200b034                __gnu_Unwind_ForcedUnwind
                0x0200b04c                __gnu_Unwind_Resume
                0x0200b08c                __gnu_Unwind_Resume_or_Rethrow
                0x0200b0ac                _Unwind_Complete
                0x0200b0b0                _Unwind_DeleteException
                0x0200b0c8                __gnu_Unwind_Backtrace
 .text          0x0200b154      0x1d8 c:/devkitpro/devkitarm/bin/../lib/gcc/arm-eabi/4.5.1/thumb\libgcc.a(libunwind.o)
                0x0200b154                __restore_core_regs
                0x0200b154                restore_core_regs
                0x0200b170                __gnu_Unwind_Restore_VFP
                0x0200b178                __gnu_Unwind_Save_VFP
                0x0200b180                __gnu_Unwind_Restore_VFP_D
                0x0200b188                __gnu_Unwind_Save_VFP_D
                0x0200b190                __gnu_Unwind_Restore_VFP_D_16_to_31
                0x0200b198                __gnu_Unwind_Save_VFP_D_16_to_31
                0x0200b1a0                __gnu_Unwind_Restore_WMMXD
                0x0200b1e4                __gnu_Unwind_Save_WMMXD
                0x0200b228                __gnu_Unwind_Restore_WMMXC
                0x0200b23c                __gnu_Unwind_Save_WMMXC
                0x0200b250                ___Unwind_RaiseException
                0x0200b250                _Unwind_RaiseException
                0x0200b27c                _Unwind_Resume
                0x0200b27c                ___Unwind_Resume
                0x0200b2a8                _Unwind_Resume_or_Rethrow
                0x0200b2a8                ___Unwind_Resume_or_Rethrow
                0x0200b2d4                _Unwind_ForcedUnwind
                0x0200b2d4                ___Unwind_ForcedUnwind
                0x0200b300                ___Unwind_Backtrace
                0x0200b300                _Unwind_Backtrace
 .text          0x0200b32c      0x39c c:/devkitpro/devkitarm/bin/../lib/gcc/arm-eabi/4.5.1/thumb\libgcc.a(pr-support.o)
                0x0200b388                __gnu_unwind_execute
                0x0200b664                __gnu_unwind_frame
                0x0200b690                _Unwind_GetRegionStart
                0x0200b6a0                _Unwind_GetLanguageSpecificData
                0x0200b6b8                _Unwind_GetDataRelBase
                0x0200b6c0                _Unwind_GetTextRelBase
 .text          0x0200b6c8      0x38c c:/devkitpro/devkitarm/bin/../lib/gcc/arm-eabi/4.5.1/thumb\libgcc.a(_divdi3.o)
                0x0200b6c8                __divdi3
 .text          0x0200ba54      0x338 c:/devkitpro/devkitarm/bin/../lib/gcc/arm-eabi/4.5.1/thumb\libgcc.a(_udivdi3.o)
                0x0200ba54                __udivdi3
 .text          0x0200bd8c       0x48 c:/devkitpro/devkitarm/bin/../lib/gcc/arm-eabi/4.5.1/thumb\libgcc.a(_clzsi2.o)
                0x0200bd8c                __clzsi2
 .text          0x0200bdd4       0x10 c:/devkitpro/devkitarm/bin/../lib/gcc/arm-eabi/4.5.1/../../../../arm-eabi/lib/thumb\libg.a(lib_a-abort.o)
                0x0200bdd4                abort
 .text          0x0200bde4        0xc c:/devkitpro/devkitarm/bin/../lib/gcc/arm-eabi/4.5.1/../../../../arm-eabi/lib/thumb\libg.a(lib_a-errno.o)
                0x0200bde4                __errno
 .text          0x0200bdf0      0x190 c:/devkitpro/devkitarm/bin/../lib/gcc/arm-eabi/4.5.1/../../../../arm-eabi/lib/thumb\libg.a(lib_a-signal.o)
                0x0200bdf0                _init_signal_r
                0x0200be2c                _signal_r
                0x0200be6c                _raise_r
                0x0200becc                __sigtramp_r
                0x0200bf1c                raise
                0x0200bf34                signal
                0x0200bf50                _init_signal
                0x0200bf64                __sigtramp
 .text          0x0200bf80        0xc c:/devkitpro/devkitarm/bin/../lib/gcc/arm-eabi/4.5.1/../../../../arm-eabi/lib/thumb\libsysbase.a(getpid.o)
                0x0200bf80                _getpid_r
 .text          0x0200bf8c        0xc c:/devkitpro/devkitarm/bin/../lib/gcc/arm-eabi/4.5.1/../../../../arm-eabi/lib/thumb\libsysbase.a(kill.o)
                0x0200bf8c                _kill_r
 .text          0x0200bf98       0x18 c:/devkitpro/devkitarm/bin/../lib/gcc/arm-eabi/4.5.1/../../../../arm-eabi/lib/thumb\libsysbase.a(_exit.o)
                0x0200bf98                _exit
 .text          0x0200bfb0        0x0 c:/devkitpro/devkitarm/bin/../lib/gcc/arm-eabi/4.5.1/thumb/crtend.o
 .text          0x0200bfb0        0x0 c:/devkitpro/devkitarm/bin/../lib/gcc/arm-eabi/4.5.1/thumb/crtn.o
 .text.stub     0x0200bfb0       0x10 linker stubs
 *(.text.*)
 *(.stub)
 *(.gnu.warning)
 *(.gnu.linkonce.t*)
 *(.glue_7)
 .glue_7        0x00000000        0x0 linker stubs
 *(.glue_7t)
 .glue_7t       0x00000000        0x0 linker stubs
                0x0200bfc0                . = ALIGN (0x4)

.vfp11_veneer   0x00000000        0x0 load address 0x0200bfc0
 .vfp11_veneer  0x00000000        0x0 linker stubs

.v4_bx          0x00000000        0x0 load address 0x0200bfc0
 .v4_bx         0x00000000        0x0 linker stubs

.fini           0x0200bfc0        0xc
 *(.fini)
 .fini          0x0200bfc0        0x4 c:/devkitpro/devkitarm/bin/../lib/gcc/arm-eabi/4.5.1/thumb/crti.o
                0x0200bfc0                _fini
 .fini          0x0200bfc4        0x8 c:/devkitpro/devkitarm/bin/../lib/gcc/arm-eabi/4.5.1/thumb/crtn.o
                0x0200bfcc                __text_end = .

.rodata         0x0200bfcc    0x48d78
 *(.rodata)
 .rodata        0x0200bfcc    0x11fc0 cheese.o
                0x0200bfcc                cheeseTiles
                0x0201bd8c                cheeseMap
                0x0201dd8c                cheesePal
 .rodata        0x0201df8c    0x10200 drunkenlogo.o
                0x0201df8c                drunkenlogoBitmap
                0x0202df8c                drunkenlogoPal
 .rodata        0x0202e18c     0xc200 drunkenlogo_2.o
                0x0202e18c                drunkenlogo_2Bitmap
                0x0203a18c                drunkenlogo_2Pal
 .rodata        0x0203a38c     0x2340 map.o
                0x0203a38c                mapTiles
                0x0203a4cc                mapMap
                0x0203c4cc                mapPal
 .rodata        0x0203c6cc     0xc200 the_end.o
                0x0203c6cc                the_endBitmap
                0x020486cc                the_endPal
 .rodata        0x020488cc     0x3200 man.o
                0x020488cc                manTiles
                0x0204b8cc                manPal
 .rodata        0x0204bacc      0x200 C:/devkitPro/libnds/lib\libnds9.a(console.o)
 .rodata        0x0204bccc       0x64 C:/devkitPro/libnds/lib\libnds9.a(keyboard.o)
                0x0204bccc                std_in
 .rodata        0x0204bd30      0x308 C:/devkitPro/libnds/lib\libnds9.a(trig.o)
                0x0204bd30                SIN_LUT
                0x0204be34                TAN_LUT
 .rodata        0x0204c038     0x2004 C:/devkitPro/libnds/lib\libnds9.a(default_font.bin.o)
                0x0204c038                default_font_bin
                0x0204e038                default_font_bin_size
                0x0204e038                default_font_bin_end
 .rodata        0x0204e03c     0x2d0c C:/devkitPro/libnds/lib\libnds9.a(keyboardGfx.o)
                0x0204e03c                keyboardGfxTiles
                0x02050328                keyboardGfxMap
                0x02050d28                keyboardGfxPal
 .rodata        0x02050d48       0x14 C:/devkitPro/libnds/lib\libnds9.a(decompress.o)
 .rodata        0x02050d5c        0x4 c:/devkitpro/devkitarm/bin/../lib/gcc/arm-eabi/4.5.1/../../../../arm-eabi/lib/thumb\libg.a(lib_a-impure.o)
                0x02050d5c                _global_impure_ptr
 .rodata        0x02050d60      0x340 c:/devkitpro/devkitarm/bin/../lib/gcc/arm-eabi/4.5.1/../../../../arm-eabi/lib/thumb\libg.a(lib_a-svfiscanf.o)
 .rodata        0x020510a0      0x184 c:/devkitpro/devkitarm/bin/../lib/gcc/arm-eabi/4.5.1/../../../../arm-eabi/lib/thumb\libg.a(lib_a-vfiprintf.o)
 .rodata        0x02051224      0x104 c:/devkitpro/devkitarm/bin/../lib/gcc/arm-eabi/4.5.1/../../../../arm-eabi/lib/thumb\libg.a(lib_a-ctype_.o)
                0x02051224                _ctype_
 .rodata        0x02051328     0x34f0 c:/devkitpro/devkitarm/bin/../lib/gcc/arm-eabi/4.5.1/../../../../arm-eabi/lib/thumb\libg.a(lib_a-jp2uc.o)
 .rodata        0x02054818      0x128 c:/devkitpro/devkitarm/bin/../lib/gcc/arm-eabi/4.5.1/../../../../arm-eabi/lib/thumb\libg.a(lib_a-locale.o)
 .rodata        0x02054940       0xa8 c:/devkitpro/devkitarm/bin/../lib/gcc/arm-eabi/4.5.1/../../../../arm-eabi/lib/thumb\libg.a(lib_a-mbtowc_r.o)
 .rodata        0x020549e8       0x64 c:/devkitpro/devkitarm/bin/../lib/gcc/arm-eabi/4.5.1/../../../../arm-eabi/lib/thumb\libsysbase.a(iosupport.o)
                0x020549e8                dotab_stdnull
 .rodata        0x02054a4c       0x14 c:/devkitpro/devkitarm/bin/../lib/gcc/arm-eabi/4.5.1/thumb\libgcc.a(unwind-arm.o)
 *all.rodata*(*)
 *(.roda)
 *(.rodata.*)
 .rodata.str1.4
                0x02054a60      0x124 handleEvent.o
 .rodata.str1.4
                0x02054b84        0x3 utils.o
                                  0x4 (size before relaxing)
 *fill*         0x02054b87        0x1 ff
 .rodata.str1.4
                0x02054b88       0x49 C:/devkitPro/libnds/lib\libnds9.a(console.o)
                                 0x4c (size before relaxing)
 *fill*         0x02054bd1        0x3 ff
 .rodata.str1.4
                0x02054bd4        0x6 C:/devkitPro/libnds/lib\libnds9.a(keyboard.o)
                                  0x8 (size before relaxing)
 *fill*         0x02054bda        0x2 ff
 .rodata.str1.4
                0x02054bdc       0x44 C:/devkitPro/libnds/lib\libnds9.a(sassert.o)
 .rodata.str1.4
                0x02054c20        0x2 c:/devkitpro/devkitarm/bin/../lib/gcc/arm-eabi/4.5.1/../../../../arm-eabi/lib/thumb\libg.a(lib_a-impure.o)
                                  0x4 (size before relaxing)
 *fill*         0x02054c22        0x2 ff
 .rodata.str1.4
                0x02054c24       0x2f c:/devkitpro/devkitarm/bin/../lib/gcc/arm-eabi/4.5.1/../../../../arm-eabi/lib/thumb\libg.a(lib_a-vfiprintf.o)
                                 0x30 (size before relaxing)
 *fill*         0x02054c53        0x1 ff
 .rodata.str1.4
                0x02054c54       0x12 c:/devkitpro/devkitarm/bin/../lib/gcc/arm-eabi/4.5.1/../../../../arm-eabi/lib/thumb\libg.a(lib_a-jp2uc.o)
                                 0x14 (size before relaxing)
 *fill*         0x02054c66        0x2 ff
 .rodata.str1.4
                0x02054c68       0xd4 c:/devkitpro/devkitarm/bin/../lib/gcc/arm-eabi/4.5.1/../../../../arm-eabi/lib/thumb\libg.a(lib_a-locale.o)
                                 0xf0 (size before relaxing)
 .rodata.str1.4
                0x00000000        0x4 c:/devkitpro/devkitarm/bin/../lib/gcc/arm-eabi/4.5.1/../../../../arm-eabi/lib/thumb\libg.a(lib_a-mbrtowc.o)
 .rodata.str1.4
                0x02054d3c        0x8 c:/devkitpro/devkitarm/bin/../lib/gcc/arm-eabi/4.5.1/../../../../arm-eabi/lib/thumb\libsysbase.a(iosupport.o)
 *(.gnu.linkonce.r*)
                0x02054d44                . = ALIGN (0x4)

.ARM.extab      0x02054d44       0xc0
 *(.ARM.extab* .gnu.linkonce.armextab.*)
 .ARM.extab     0x02054d44        0x0 c:/devkitpro/devkitarm/bin/../lib/gcc/arm-eabi/4.5.1/thumb\libgcc.a(bpabi.o)
 .ARM.extab     0x02054d44       0x78 c:/devkitpro/devkitarm/bin/../lib/gcc/arm-eabi/4.5.1/thumb\libgcc.a(unwind-arm.o)
 .ARM.extab     0x02054dbc       0x30 c:/devkitpro/devkitarm/bin/../lib/gcc/arm-eabi/4.5.1/thumb\libgcc.a(pr-support.o)
 .ARM.extab     0x02054dec        0xc c:/devkitpro/devkitarm/bin/../lib/gcc/arm-eabi/4.5.1/thumb\libgcc.a(_divdi3.o)
 .ARM.extab     0x02054df8        0xc c:/devkitpro/devkitarm/bin/../lib/gcc/arm-eabi/4.5.1/thumb\libgcc.a(_udivdi3.o)
                0x02054e04                __exidx_start = .

.ARM.exidx      0x02054e04       0xf8
 *(.ARM.exidx* .gnu.linkonce.armexidx.*)
 .ARM.exidx     0x02054e04        0x8 c:/devkitpro/devkitarm/bin/../lib/gcc/arm-eabi/4.5.1/thumb\libgcc.a(bpabi.o)
                                 0x10 (size before relaxing)
 .ARM.exidx     0x02054e0c       0xa0 c:/devkitpro/devkitarm/bin/../lib/gcc/arm-eabi/4.5.1/thumb\libgcc.a(unwind-arm.o)
                                 0xc0 (size before relaxing)
 .ARM.exidx     0x02054eac       0x38 c:/devkitpro/devkitarm/bin/../lib/gcc/arm-eabi/4.5.1/thumb\libgcc.a(pr-support.o)
                                 0x48 (size before relaxing)
 .ARM.exidx     0x02054ee4        0x8 c:/devkitpro/devkitarm/bin/../lib/gcc/arm-eabi/4.5.1/thumb\libgcc.a(_divdi3.o)
 .ARM.exidx     0x02054eec       0x10 c:/devkitpro/devkitarm/bin/../lib/gcc/arm-eabi/4.5.1/thumb\libgcc.a(_udivdi3.o)
                                  0x8 (size before relaxing)
                0x02054efc                __exidx_end = .
                0x02054efc                . = ALIGN (0x4)
                0x02054efc                PROVIDE (__preinit_array_start, .)

.preinit_array
 *(.preinit_array)
                0x02054efc                PROVIDE (__preinit_array_end, .)
                0x02054efc                PROVIDE (__init_array_start, .)

.init_array     0x02054efc        0x4
 *(SORT(.init_array.*))
 *(.init_array)
 .init_array    0x02054efc        0x4 c:/devkitpro/devkitarm/bin/../lib/gcc/arm-eabi/4.5.1/thumb/crtbegin.o
                0x02054f00                PROVIDE (__init_array_end, .)
                0x02054f00                PROVIDE (__fini_array_start, .)

.fini_array     0x02054f00        0x4
 *(.fini_array)
 .fini_array    0x02054f00        0x4 c:/devkitpro/devkitarm/bin/../lib/gcc/arm-eabi/4.5.1/thumb/crtbegin.o
 *(SORT(.fini_array.*))
                0x02054f04                PROVIDE (__fini_array_end, .)

.ctors          0x02054f04        0x0
 *crtbegin.o(.ctors)
 *(EXCLUDE_FILE(*crtend.o) .ctors)
 *(SORT(.ctors.*))
 *(.ctors)
                0x02054f04                . = ALIGN (0x4)

.dtors          0x02054f04        0x0
 *crtbegin.o(.dtors)
 *(EXCLUDE_FILE(*crtend.o) .dtors)
 *(SORT(.dtors.*))
 *(.dtors)
                0x02054f04                . = ALIGN (0x4)

.eh_frame       0x02054f04        0x4
 *(.eh_frame)
 .eh_frame      0x02054f04        0x0 c:/devkitpro/devkitarm/bin/../lib/gcc/arm-eabi/4.5.1/thumb/crtbegin.o
 .eh_frame      0x02054f04        0x4 c:/devkitpro/devkitarm/bin/../lib/gcc/arm-eabi/4.5.1/thumb/crtend.o
                0x02054f08                . = ALIGN (0x4)

.gcc_except_table
                0x02054f08        0x0
 *(.gcc_except_table)
                0x02054f08                . = ALIGN (0x4)

.jcr            0x02054f08        0x4
 *(.jcr)
 .jcr           0x02054f08        0x0 c:/devkitpro/devkitarm/bin/../lib/gcc/arm-eabi/4.5.1/thumb/crtbegin.o
 .jcr           0x02054f08        0x4 c:/devkitpro/devkitarm/bin/../lib/gcc/arm-eabi/4.5.1/thumb/crtend.o

.got
 *(.got.plt)
 *(.got)
 *(.rel.got)

.ewram          0x02054f0c        0x0
                0x02054f0c                __ewram_start = ABSOLUTE (.)
 *(.ewram)
 *ewram.*(.text)
                0x02054f0c                . = ALIGN (0x4)

.data           0x02054f0c     0x107c
                0x02054f0c                __data_start = ABSOLUTE (.)
 *(.data)
 .data          0x02054f0c        0x0 c:/devkitpro/devkitarm/bin/../lib/gcc/arm-eabi/4.5.1/../../../../arm-eabi/lib/thumb/ds_arm9_crt0.o
 .data          0x02054f0c        0x0 c:/devkitpro/devkitarm/bin/../lib/gcc/arm-eabi/4.5.1/thumb/crti.o
 .data          0x02054f0c        0x4 c:/devkitpro/devkitarm/bin/../lib/gcc/arm-eabi/4.5.1/thumb/crtbegin.o
                0x02054f0c                __dso_handle
 .data          0x02054f10        0x0 cheese.o
 .data          0x02054f10        0x0 drunkenlogo.o
 .data          0x02054f10        0x0 drunkenlogo_2.o
 .data          0x02054f10        0x0 map.o
 .data          0x02054f10        0x0 the_end.o
 .data          0x02054f10        0x0 man.o
 .data          0x02054f10        0x0 handleEvent.o
 .data          0x02054f10        0x0 main.o
 .data          0x02054f10        0x0 utils.o
 .data          0x02054f10       0x60 C:/devkitPro/libnds/lib\libnds9.a(background.o)
                0x02054f10                bgScrollTable
                0x02054f30                bgTransform
                0x02054f50                bgControl
 .data          0x02054f70       0x64 C:/devkitPro/libnds/lib\libnds9.a(console.o)
                0x02054f70                currentConsole
                0x02054f74                defaultConsole
 .data          0x02054fd4      0x58c C:/devkitPro/libnds/lib\libnds9.a(keyboard.o)
                0x02054fd4                curKeyboard
                0x02054fd8                lastKey
                0x02054fdc                defaultKeyboard
                0x02055038                SimpleKbdLower
                0x020552b8                SimpleKbdUpper
                0x02055538                capsLock
                0x0205554c                lowerCase
 .data          0x02055560        0x3 C:/devkitPro/libnds/lib\libnds9.a(keys.o)
 .data          0x02055563        0x0 C:/devkitPro/libnds/lib\libnds9.a(sassert.o)
 *fill*         0x02055563        0x1 ff
 .data          0x02055564       0x30 C:/devkitPro/libnds/lib\libnds9.a(sprite.o)
                0x02055564                oamMain
                0x0205557c                oamSub
 .data          0x02055594        0x0 C:/devkitPro/libnds/lib\libnds9.a(sprite_alloc.o)
 .data          0x02055594        0x0 C:/devkitPro/libnds/lib\libnds9.a(touch.o)
 .data          0x02055594        0x0 C:/devkitPro/libnds/lib\libnds9.a(trig.o)
 .data          0x02055594        0x0 C:/devkitPro/libnds/lib\libnds9.a(initSystem.o)
 .data          0x02055594       0x10 C:/devkitPro/libnds/lib\libnds9.a(fifosystem.o)
                0x02055594                fifo_freewords
                0x02055598                fifo_buffer_free
                0x0205559c                fifo_send_queue
                0x020555a0                fifo_receive_queue
 .data          0x020555a4        0x0 C:/devkitPro/libnds/lib\libnds9.a(interrupts.o)
 .data          0x020555a4        0x0 C:/devkitPro/libnds/lib\libnds9.a(libnds_exit.o)
 .data          0x020555a4        0x0 C:/devkitPro/libnds/lib\libnds9.a(dcache.o)
 .data          0x020555a4        0x0 C:/devkitPro/libnds/lib\libnds9.a(mpu_setup.o)
 .data          0x020555a4        0x0 C:/devkitPro/libnds/lib\libnds9.a(biosCalls.o)
 .data          0x020555a4        0x0 C:/devkitPro/libnds/lib\libnds9.a(debugprint.o)
 .data          0x020555a4        0x0 C:/devkitPro/libnds/lib\libnds9.a(interruptDispatcher.o)
 .data          0x020555a4        0x0 C:/devkitPro/libnds/lib\libnds9.a(swiSoftReset.o)
 .data          0x020555a4        0x0 C:/devkitPro/libnds/lib\libnds9.a(default_font.bin.o)
 .data          0x020555a4        0x0 C:/devkitPro/libnds/lib\libnds9.a(keyboardGfx.o)
 .data          0x020555a4        0xc C:/devkitPro/libnds/lib\libnds9.a(decompress.o)
                0x020555a4                decomStream
 .data          0x020555b0        0x0 C:/devkitPro/libnds/lib\libnds9.a(system.o)
 .data          0x020555b0        0x0 C:/devkitPro/libnds/lib\libnds9.a(video.o)
 .data          0x020555b0        0x0 C:/devkitPro/libnds/lib\libnds9.a(syscalls.o)
 .data          0x020555b0        0x0 c:/devkitpro/devkitarm/bin/../lib/gcc/arm-eabi/4.5.1/thumb\libgcc.a(_divsi3.o)
 .data          0x020555b0        0x0 c:/devkitpro/devkitarm/bin/../lib/gcc/arm-eabi/4.5.1/thumb\libgcc.a(_dvmd_tls.o)
 .data          0x020555b0        0x0 c:/devkitpro/devkitarm/bin/../lib/gcc/arm-eabi/4.5.1/../../../../arm-eabi/lib/thumb\libg.a(lib_a-bsearch.o)
 .data          0x020555b0      0x430 c:/devkitpro/devkitarm/bin/../lib/gcc/arm-eabi/4.5.1/../../../../arm-eabi/lib/thumb\libg.a(lib_a-impure.o)
                0x020555b0                _impure_ptr
 .data          0x020559e0        0x0 c:/devkitpro/devkitarm/bin/../lib/gcc/arm-eabi/4.5.1/../../../../arm-eabi/lib/thumb\libg.a(lib_a-init.o)
 .data          0x020559e0        0x0 c:/devkitpro/devkitarm/bin/../lib/gcc/arm-eabi/4.5.1/../../../../arm-eabi/lib/thumb\libg.a(lib_a-iprintf.o)
 .data          0x020559e0        0x0 c:/devkitpro/devkitarm/bin/../lib/gcc/arm-eabi/4.5.1/../../../../arm-eabi/lib/thumb\libg.a(lib_a-malloc.o)
 .data          0x020559e0      0x410 c:/devkitpro/devkitarm/bin/../lib/gcc/arm-eabi/4.5.1/../../../../arm-eabi/lib/thumb\libg.a(lib_a-mallocr.o)
                0x020559e0                __malloc_av_
                0x02055de8                __malloc_sbrk_base
                0x02055dec                __malloc_trim_threshold
 .data          0x02055df0        0x0 c:/devkitpro/devkitarm/bin/../lib/gcc/arm-eabi/4.5.1/../../../../arm-eabi/lib/thumb\libg.a(lib_a-memcpy.o)
 .data          0x02055df0        0x0 c:/devkitpro/devkitarm/bin/../lib/gcc/arm-eabi/4.5.1/../../../../arm-eabi/lib/thumb\libg.a(lib_a-memset.o)
 .data          0x02055df0        0x0 c:/devkitpro/devkitarm/bin/../lib/gcc/arm-eabi/4.5.1/../../../../arm-eabi/lib/thumb\libg.a(lib_a-mlock.o)
 .data          0x02055df0        0x0 c:/devkitpro/devkitarm/bin/../lib/gcc/arm-eabi/4.5.1/../../../../arm-eabi/lib/thumb\libg.a(lib_a-realloc.o)
 .data          0x02055df0        0x0 c:/devkitpro/devkitarm/bin/../lib/gcc/arm-eabi/4.5.1/../../../../arm-eabi/lib/thumb\libg.a(lib_a-reallocr.o)
 .data          0x02055df0        0x0 c:/devkitpro/devkitarm/bin/../lib/gcc/arm-eabi/4.5.1/../../../../arm-eabi/lib/thumb\libg.a(lib_a-setvbuf.o)
 .data          0x02055df0        0x0 c:/devkitpro/devkitarm/bin/../lib/gcc/arm-eabi/4.5.1/../../../../arm-eabi/lib/thumb\libg.a(lib_a-siscanf.o)
 .data          0x02055df0        0x0 c:/devkitpro/devkitarm/bin/../lib/gcc/arm-eabi/4.5.1/../../../../arm-eabi/lib/thumb\libg.a(lib_a-stdio.o)
 .data          0x02055df0        0x0 c:/devkitpro/devkitarm/bin/../lib/gcc/arm-eabi/4.5.1/../../../../arm-eabi/lib/thumb\libg.a(lib_a-strlen.o)
 .data          0x02055df0        0x0 c:/devkitpro/devkitarm/bin/../lib/gcc/arm-eabi/4.5.1/../../../../arm-eabi/lib/thumb\libg.a(lib_a-strncpy.o)
 .data          0x02055df0        0x0 c:/devkitpro/devkitarm/bin/../lib/gcc/arm-eabi/4.5.1/../../../../arm-eabi/lib/thumb\libg.a(lib_a-svfiscanf.o)
 .data          0x02055df0        0x0 c:/devkitpro/devkitarm/bin/../lib/gcc/arm-eabi/4.5.1/../../../../arm-eabi/lib/thumb\libg.a(lib_a-ungetc.o)
 .data          0x02055df0        0x0 c:/devkitpro/devkitarm/bin/../lib/gcc/arm-eabi/4.5.1/../../../../arm-eabi/lib/thumb\libg.a(lib_a-vfiprintf.o)
 .data          0x02055df0        0x0 c:/devkitpro/devkitarm/bin/../lib/gcc/arm-eabi/4.5.1/../../../../arm-eabi/lib/thumb\libg.a(lib_a-wcrtomb.o)
 .data          0x02055df0        0x0 c:/devkitpro/devkitarm/bin/../lib/gcc/arm-eabi/4.5.1/../../../../arm-eabi/lib/thumb\libg.a(lib_a-wcsrtombs.o)
 .data          0x02055df0        0x4 c:/devkitpro/devkitarm/bin/../lib/gcc/arm-eabi/4.5.1/../../../../arm-eabi/lib/thumb\libg.a(lib_a-wctomb_r.o)
                0x02055df0                __wctomb
 .data          0x02055df4        0x0 c:/devkitpro/devkitarm/bin/../lib/gcc/arm-eabi/4.5.1/../../../../arm-eabi/lib/thumb\libg.a(lib_a-wsetup.o)
 .data          0x02055df4        0x4 c:/devkitpro/devkitarm/bin/../lib/gcc/arm-eabi/4.5.1/../../../../arm-eabi/lib/thumb\libg.a(lib_a-ctype_.o)
                0x02055df4                __ctype_ptr__
 .data          0x02055df8        0x0 c:/devkitpro/devkitarm/bin/../lib/gcc/arm-eabi/4.5.1/../../../../arm-eabi/lib/thumb\libg.a(lib_a-fflush.o)
 .data          0x02055df8        0x0 c:/devkitpro/devkitarm/bin/../lib/gcc/arm-eabi/4.5.1/../../../../arm-eabi/lib/thumb\libg.a(lib_a-findfp.o)
 .data          0x02055df8        0x0 c:/devkitpro/devkitarm/bin/../lib/gcc/arm-eabi/4.5.1/../../../../arm-eabi/lib/thumb\libg.a(lib_a-fputwc.o)
 .data          0x02055df8        0x0 c:/devkitpro/devkitarm/bin/../lib/gcc/arm-eabi/4.5.1/../../../../arm-eabi/lib/thumb\libg.a(lib_a-freer.o)
 .data          0x02055df8        0x0 c:/devkitpro/devkitarm/bin/../lib/gcc/arm-eabi/4.5.1/../../../../arm-eabi/lib/thumb\libg.a(lib_a-fvwrite.o)
 .data          0x02055df8        0x0 c:/devkitpro/devkitarm/bin/../lib/gcc/arm-eabi/4.5.1/../../../../arm-eabi/lib/thumb\libg.a(lib_a-fwalk.o)
 .data          0x02055df8        0x0 c:/devkitpro/devkitarm/bin/../lib/gcc/arm-eabi/4.5.1/../../../../arm-eabi/lib/thumb\libg.a(lib_a-iswspace.o)
 .data          0x02055df8        0x0 c:/devkitpro/devkitarm/bin/../lib/gcc/arm-eabi/4.5.1/../../../../arm-eabi/lib/thumb\libg.a(lib_a-jp2uc.o)
 .data          0x02055df8      0x144 c:/devkitpro/devkitarm/bin/../lib/gcc/arm-eabi/4.5.1/../../../../arm-eabi/lib/thumb\libg.a(lib_a-locale.o)
                0x02055df8                __default_locale
                0x02055e38                __mb_cur_max
 .data          0x02055f3c        0x0 c:/devkitpro/devkitarm/bin/../lib/gcc/arm-eabi/4.5.1/../../../../arm-eabi/lib/thumb\libg.a(lib_a-makebuf.o)
 .data          0x02055f3c        0x0 c:/devkitpro/devkitarm/bin/../lib/gcc/arm-eabi/4.5.1/../../../../arm-eabi/lib/thumb\libg.a(lib_a-mbrtowc.o)
 .data          0x02055f3c        0x4 c:/devkitpro/devkitarm/bin/../lib/gcc/arm-eabi/4.5.1/../../../../arm-eabi/lib/thumb\libg.a(lib_a-mbtowc_r.o)
                0x02055f3c                __mbtowc
 .data          0x02055f40        0x0 c:/devkitpro/devkitarm/bin/../lib/gcc/arm-eabi/4.5.1/../../../../arm-eabi/lib/thumb\libg.a(lib_a-memchr.o)
 .data          0x02055f40        0x0 c:/devkitpro/devkitarm/bin/../lib/gcc/arm-eabi/4.5.1/../../../../arm-eabi/lib/thumb\libg.a(lib_a-memmove.o)
 .data          0x02055f40        0x0 c:/devkitpro/devkitarm/bin/../lib/gcc/arm-eabi/4.5.1/../../../../arm-eabi/lib/thumb\libg.a(lib_a-sccl.o)
 .data          0x02055f40        0x0 c:/devkitpro/devkitarm/bin/../lib/gcc/arm-eabi/4.5.1/../../../../arm-eabi/lib/thumb\libg.a(lib_a-strcasecmp.o)
 .data          0x02055f40        0x0 c:/devkitpro/devkitarm/bin/../lib/gcc/arm-eabi/4.5.1/../../../../arm-eabi/lib/thumb\libg.a(lib_a-strcat.o)
 .data          0x02055f40        0x0 c:/devkitpro/devkitarm/bin/../lib/gcc/arm-eabi/4.5.1/../../../../arm-eabi/lib/thumb\libg.a(lib_a-strchr.o)
 .data          0x02055f40        0x0 c:/devkitpro/devkitarm/bin/../lib/gcc/arm-eabi/4.5.1/../../../../arm-eabi/lib/thumb\libg.a(lib_a-strcmp.o)
 .data          0x02055f40        0x0 c:/devkitpro/devkitarm/bin/../lib/gcc/arm-eabi/4.5.1/../../../../arm-eabi/lib/thumb\libg.a(lib_a-strcpy.o)
 .data          0x02055f40        0x0 c:/devkitpro/devkitarm/bin/../lib/gcc/arm-eabi/4.5.1/../../../../arm-eabi/lib/thumb\libg.a(lib_a-strlcpy.o)
 .data          0x02055f40        0x0 c:/devkitpro/devkitarm/bin/../lib/gcc/arm-eabi/4.5.1/../../../../arm-eabi/lib/thumb\libg.a(lib_a-strncasecmp.o)
 .data          0x02055f40        0x0 c:/devkitpro/devkitarm/bin/../lib/gcc/arm-eabi/4.5.1/../../../../arm-eabi/lib/thumb\libg.a(lib_a-strncmp.o)
 .data          0x02055f40        0x0 c:/devkitpro/devkitarm/bin/../lib/gcc/arm-eabi/4.5.1/../../../../arm-eabi/lib/thumb\libg.a(lib_a-strtol.o)
 .data          0x02055f40        0x0 c:/devkitpro/devkitarm/bin/../lib/gcc/arm-eabi/4.5.1/../../../../arm-eabi/lib/thumb\libg.a(lib_a-strtoll_r.o)
 .data          0x02055f40        0x0 c:/devkitpro/devkitarm/bin/../lib/gcc/arm-eabi/4.5.1/../../../../arm-eabi/lib/thumb\libg.a(lib_a-strtoul.o)
 .data          0x02055f40        0x0 c:/devkitpro/devkitarm/bin/../lib/gcc/arm-eabi/4.5.1/../../../../arm-eabi/lib/thumb\libg.a(lib_a-strtoull_r.o)
 .data          0x02055f40        0x0 c:/devkitpro/devkitarm/bin/../lib/gcc/arm-eabi/4.5.1/../../../../arm-eabi/lib/thumb\libg.a(lib_a-wbuf.o)
 .data          0x02055f40        0x0 c:/devkitpro/devkitarm/bin/../lib/gcc/arm-eabi/4.5.1/../../../../arm-eabi/lib/thumb\libg.a(lib_a-wcsnrtombs.o)
 .data          0x02055f40        0x0 c:/devkitpro/devkitarm/bin/../lib/gcc/arm-eabi/4.5.1/../../../../arm-eabi/lib/thumb\libg.a(lib_a-fclose.o)
 .data          0x02055f40        0x0 c:/devkitpro/devkitarm/bin/../lib/gcc/arm-eabi/4.5.1/../../../../arm-eabi/lib/thumb\libg.a(lib_a-getenv_r.o)
 .data          0x02055f40        0x4 c:/devkitpro/devkitarm/bin/../lib/gcc/arm-eabi/4.5.1/../../../../arm-eabi/lib/thumb\libg.a(lib_a-environ.o)
                0x02055f40                environ
 .data          0x02055f44        0x0 c:/devkitpro/devkitarm/bin/../lib/gcc/arm-eabi/4.5.1/../../../../arm-eabi/lib/thumb\libg.a(lib_a-envlock.o)
 .data          0x02055f44       0x44 c:/devkitpro/devkitarm/bin/../lib/gcc/arm-eabi/4.5.1/../../../../arm-eabi/lib/thumb\libsysbase.a(iosupport.o)
                0x02055f48                devoptab_list
 .data          0x02055f88        0x0 c:/devkitpro/devkitarm/bin/../lib/gcc/arm-eabi/4.5.1/../../../../arm-eabi/lib/thumb\libsysbase.a(close.o)
 .data          0x02055f88        0x0 c:/devkitpro/devkitarm/bin/../lib/gcc/arm-eabi/4.5.1/../../../../arm-eabi/lib/thumb\libsysbase.a(fstat.o)
 .data          0x02055f88        0x0 c:/devkitpro/devkitarm/bin/../lib/gcc/arm-eabi/4.5.1/../../../../arm-eabi/lib/thumb\libsysbase.a(isatty.o)
 .data          0x02055f88        0x0 c:/devkitpro/devkitarm/bin/../lib/gcc/arm-eabi/4.5.1/../../../../arm-eabi/lib/thumb\libsysbase.a(lseek.o)
 .data          0x02055f88        0x0 c:/devkitpro/devkitarm/bin/../lib/gcc/arm-eabi/4.5.1/../../../../arm-eabi/lib/thumb\libsysbase.a(read.o)
 .data          0x02055f88        0x0 c:/devkitpro/devkitarm/bin/../lib/gcc/arm-eabi/4.5.1/../../../../arm-eabi/lib/thumb\libsysbase.a(sbrk.o)
 .data          0x02055f88        0x0 c:/devkitpro/devkitarm/bin/../lib/gcc/arm-eabi/4.5.1/../../../../arm-eabi/lib/thumb\libsysbase.a(times.o)
 .data          0x02055f88        0x0 c:/devkitpro/devkitarm/bin/../lib/gcc/arm-eabi/4.5.1/../../../../arm-eabi/lib/thumb\libsysbase.a(write.o)
 .data          0x02055f88        0x0 c:/devkitpro/devkitarm/bin/../lib/gcc/arm-eabi/4.5.1/../../../../arm-eabi/lib/thumb\libsysbase.a(malloc_vars.o)
 .data          0x02055f88        0x0 c:/devkitpro/devkitarm/bin/../lib/gcc/arm-eabi/4.5.1/../../../../arm-eabi/lib/thumb\libsysbase.a(build_argv.o)
 .data          0x02055f88        0x0 c:/devkitpro/devkitarm/bin/../lib/gcc/arm-eabi/4.5.1/../../../../arm-eabi/lib/thumb\libsysbase.a(syscall_support.o)
 .data          0x02055f88        0x0 c:/devkitpro/devkitarm/bin/../lib/gcc/arm-eabi/4.5.1/../../../../arm-eabi/lib/thumb\libsysbase.a(handle_manager.o)
 .data          0x02055f88        0x0 c:/devkitpro/devkitarm/bin/../lib/gcc/arm-eabi/4.5.1/thumb\libgcc.a(_udivsi3.o)
 .data          0x02055f88        0x0 c:/devkitpro/devkitarm/bin/../lib/gcc/arm-eabi/4.5.1/thumb\libgcc.a(_aeabi_uldivmod.o)
 .data          0x02055f88        0x0 c:/devkitpro/devkitarm/bin/../lib/gcc/arm-eabi/4.5.1/thumb\libgcc.a(_muldi3.o)
 .data          0x02055f88        0x0 c:/devkitpro/devkitarm/bin/../lib/gcc/arm-eabi/4.5.1/thumb\libgcc.a(bpabi.o)
 .data          0x02055f88        0x0 c:/devkitpro/devkitarm/bin/../lib/gcc/arm-eabi/4.5.1/thumb\libgcc.a(unwind-arm.o)
 .data          0x02055f88        0x0 c:/devkitpro/devkitarm/bin/../lib/gcc/arm-eabi/4.5.1/thumb\libgcc.a(libunwind.o)
 .data          0x02055f88        0x0 c:/devkitpro/devkitarm/bin/../lib/gcc/arm-eabi/4.5.1/thumb\libgcc.a(pr-support.o)
 .data          0x02055f88        0x0 c:/devkitpro/devkitarm/bin/../lib/gcc/arm-eabi/4.5.1/thumb\libgcc.a(_divdi3.o)
 .data          0x02055f88        0x0 c:/devkitpro/devkitarm/bin/../lib/gcc/arm-eabi/4.5.1/thumb\libgcc.a(_udivdi3.o)
 .data          0x02055f88        0x0 c:/devkitpro/devkitarm/bin/../lib/gcc/arm-eabi/4.5.1/thumb\libgcc.a(_clzsi2.o)
 .data          0x02055f88        0x0 c:/devkitpro/devkitarm/bin/../lib/gcc/arm-eabi/4.5.1/../../../../arm-eabi/lib/thumb\libg.a(lib_a-abort.o)
 .data          0x02055f88        0x0 c:/devkitpro/devkitarm/bin/../lib/gcc/arm-eabi/4.5.1/../../../../arm-eabi/lib/thumb\libg.a(lib_a-errno.o)
 .data          0x02055f88        0x0 c:/devkitpro/devkitarm/bin/../lib/gcc/arm-eabi/4.5.1/../../../../arm-eabi/lib/thumb\libg.a(lib_a-signal.o)
 .data          0x02055f88        0x0 c:/devkitpro/devkitarm/bin/../lib/gcc/arm-eabi/4.5.1/../../../../arm-eabi/lib/thumb\libsysbase.a(getpid.o)
 .data          0x02055f88        0x0 c:/devkitpro/devkitarm/bin/../lib/gcc/arm-eabi/4.5.1/../../../../arm-eabi/lib/thumb\libsysbase.a(kill.o)
 .data          0x02055f88        0x0 c:/devkitpro/devkitarm/bin/../lib/gcc/arm-eabi/4.5.1/../../../../arm-eabi/lib/thumb\libsysbase.a(_exit.o)
 .data          0x02055f88        0x0 c:/devkitpro/devkitarm/bin/../lib/gcc/arm-eabi/4.5.1/thumb/crtend.o
 .data          0x02055f88        0x0 c:/devkitpro/devkitarm/bin/../lib/gcc/arm-eabi/4.5.1/thumb/crtn.o
 *(.data.*)
 *(.gnu.linkonce.d*)
                0x02055f88                . = ALIGN (0x4)
                0x02055f88                __data_end = ABSOLUTE (.)
                0x02055f88                __dtcm_lma = .
                0x02055f88                __bss_vma = .

.dtcm           0x0b000000        0x0 load address 0x02055f88
 *(.dtcm)
 *(.dtcm.*)
                0x0b000000                . = ALIGN (0x4)
                0x0b000000                __dtcm_end = ABSOLUTE (.)
                0x02055f88                __itcm_lma = (__dtcm_lma + SIZEOF (.dtcm))

.itcm           0x01000100      0x194 load address 0x02055f88
 *(.itcm)
 .itcm          0x01000100       0xc8 C:/devkitPro/libnds/lib\libnds9.a(interrupts.o)
                0x01000100                irqTable
 .itcm          0x010001c8       0xcc C:/devkitPro/libnds/lib\libnds9.a(interruptDispatcher.o)
                0x010001c8                IntrMain
 *itcm.*(.text)
                0x01000294                . = ALIGN (0x4)
                0x01000294                __itcm_end = ABSOLUTE (.)
                0x0205611c                __vectors_lma = (__itcm_lma + SIZEOF (.itcm))

.vectors        0x01000000        0x0 load address 0x0205611c
 *(.vectors)
 *vectors.*(.text)
                0x01000000                . = ALIGN (0x4)
                0x01000000                __vectors_end = ABSOLUTE (.)

.sbss           0x0b000000        0x0
                0x0b000000                __sbss_start = ABSOLUTE (.)
                0x0b000000                __sbss_start__ = ABSOLUTE (.)
 *(.sbss)
                0x0b000000                . = ALIGN (0x4)
                0x0b000000                __sbss_end = ABSOLUTE (.)

.bss            0x02055f88     0x2838
                0x02055f88                __bss_start = ABSOLUTE (.)
                0x02055f88                __bss_start__ = ABSOLUTE (.)
 *(.dynbss)
 *(.gnu.linkonce.b*)
 *(.bss*)
 .bss           0x02055f88        0x0 c:/devkitpro/devkitarm/bin/../lib/gcc/arm-eabi/4.5.1/../../../../arm-eabi/lib/thumb/ds_arm9_crt0.o
 .bss           0x02055f88        0x0 c:/devkitpro/devkitarm/bin/../lib/gcc/arm-eabi/4.5.1/thumb/crti.o
 .bss           0x02055f88       0x1c c:/devkitpro/devkitarm/bin/../lib/gcc/arm-eabi/4.5.1/thumb/crtbegin.o
 .bss           0x02055fa4        0x0 cheese.o
 .bss           0x02055fa4        0x0 drunkenlogo.o
 .bss           0x02055fa4        0x0 drunkenlogo_2.o
 .bss           0x02055fa4        0x0 map.o
 .bss           0x02055fa4        0x0 the_end.o
 .bss           0x02055fa4        0x0 man.o
 .bss           0x02055fa4        0x4 handleEvent.o
 .bss           0x02055fa8        0x1 main.o
                0x02055fa8                GameState
 .bss           0x02055fa9        0x0 utils.o
 .bss           0x02055fa9        0x0 C:/devkitPro/libnds/lib\libnds9.a(background.o)
 .bss           0x02055fa9        0x0 C:/devkitPro/libnds/lib\libnds9.a(console.o)
 *fill*         0x02055fa9        0x3 00
 .bss           0x02055fac       0x14 C:/devkitPro/libnds/lib\libnds9.a(keyboard.o)
                0x02055fb4                keyBufferLength
                0x02055fb8                keyBufferOffset
                0x02055fbc                stdioRead
 .bss           0x02055fc0        0x6 C:/devkitPro/libnds/lib\libnds9.a(keys.o)
 .bss           0x02055fc6        0x0 C:/devkitPro/libnds/lib\libnds9.a(sassert.o)
 .bss           0x02055fc6        0x0 C:/devkitPro/libnds/lib\libnds9.a(sprite.o)
 .bss           0x02055fc6        0x0 C:/devkitPro/libnds/lib\libnds9.a(sprite_alloc.o)
 .bss           0x02055fc6        0x0 C:/devkitPro/libnds/lib\libnds9.a(touch.o)
 .bss           0x02055fc6        0x0 C:/devkitPro/libnds/lib\libnds9.a(trig.o)
 .bss           0x02055fc6        0x0 C:/devkitPro/libnds/lib\libnds9.a(initSystem.o)
 *fill*         0x02055fc6        0x2 00
 .bss           0x02055fc8        0x8 C:/devkitPro/libnds/lib\libnds9.a(fifosystem.o)
                0x02055fcc                processing
 .bss           0x02055fd0        0x0 C:/devkitPro/libnds/lib\libnds9.a(interrupts.o)
 .bss           0x02055fd0        0x0 C:/devkitPro/libnds/lib\libnds9.a(libnds_exit.o)
 .bss           0x02055fd0        0x0 C:/devkitPro/libnds/lib\libnds9.a(dcache.o)
 .bss           0x02055fd0        0x0 C:/devkitPro/libnds/lib\libnds9.a(mpu_setup.o)
 .bss           0x02055fd0        0x0 C:/devkitPro/libnds/lib\libnds9.a(biosCalls.o)
 .bss           0x02055fd0        0x0 C:/devkitPro/libnds/lib\libnds9.a(debugprint.o)
 .bss           0x02055fd0        0x0 C:/devkitPro/libnds/lib\libnds9.a(interruptDispatcher.o)
 .bss           0x02055fd0        0x0 C:/devkitPro/libnds/lib\libnds9.a(swiSoftReset.o)
 .bss           0x02055fd0        0x0 C:/devkitPro/libnds/lib\libnds9.a(default_font.bin.o)
 .bss           0x02055fd0        0x0 C:/devkitPro/libnds/lib\libnds9.a(keyboardGfx.o)
 .bss           0x02055fd0        0x0 C:/devkitPro/libnds/lib\libnds9.a(decompress.o)
 .bss           0x02055fd0        0x0 C:/devkitPro/libnds/lib\libnds9.a(system.o)
 .bss           0x02055fd0        0x0 C:/devkitPro/libnds/lib\libnds9.a(video.o)
 .bss           0x02055fd0        0x0 C:/devkitPro/libnds/lib\libnds9.a(syscalls.o)
 .bss           0x02055fd0        0x0 c:/devkitpro/devkitarm/bin/../lib/gcc/arm-eabi/4.5.1/thumb\libgcc.a(_divsi3.o)
 .bss           0x02055fd0        0x0 c:/devkitpro/devkitarm/bin/../lib/gcc/arm-eabi/4.5.1/thumb\libgcc.a(_dvmd_tls.o)
 .bss           0x02055fd0        0x0 c:/devkitpro/devkitarm/bin/../lib/gcc/arm-eabi/4.5.1/../../../../arm-eabi/lib/thumb\libg.a(lib_a-bsearch.o)
 .bss           0x02055fd0        0x0 c:/devkitpro/devkitarm/bin/../lib/gcc/arm-eabi/4.5.1/../../../../arm-eabi/lib/thumb\libg.a(lib_a-impure.o)
 .bss           0x02055fd0        0x0 c:/devkitpro/devkitarm/bin/../lib/gcc/arm-eabi/4.5.1/../../../../arm-eabi/lib/thumb\libg.a(lib_a-init.o)
 .bss           0x02055fd0        0x0 c:/devkitpro/devkitarm/bin/../lib/gcc/arm-eabi/4.5.1/../../../../arm-eabi/lib/thumb\libg.a(lib_a-iprintf.o)
 .bss           0x02055fd0        0x0 c:/devkitpro/devkitarm/bin/../lib/gcc/arm-eabi/4.5.1/../../../../arm-eabi/lib/thumb\libg.a(lib_a-malloc.o)
 .bss           0x02055fd0       0x34 c:/devkitpro/devkitarm/bin/../lib/gcc/arm-eabi/4.5.1/../../../../arm-eabi/lib/thumb\libg.a(lib_a-mallocr.o)
                0x02055fd0                __malloc_top_pad
                0x02055fd4                __malloc_current_mallinfo
                0x02055ffc                __malloc_max_sbrked_mem
                0x02056000                __malloc_max_total_mem
 .bss           0x02056004        0x0 c:/devkitpro/devkitarm/bin/../lib/gcc/arm-eabi/4.5.1/../../../../arm-eabi/lib/thumb\libg.a(lib_a-memcpy.o)
 .bss           0x02056004        0x0 c:/devkitpro/devkitarm/bin/../lib/gcc/arm-eabi/4.5.1/../../../../arm-eabi/lib/thumb\libg.a(lib_a-memset.o)
 .bss           0x02056004        0x0 c:/devkitpro/devkitarm/bin/../lib/gcc/arm-eabi/4.5.1/../../../../arm-eabi/lib/thumb\libg.a(lib_a-mlock.o)
 .bss           0x02056004        0x0 c:/devkitpro/devkitarm/bin/../lib/gcc/arm-eabi/4.5.1/../../../../arm-eabi/lib/thumb\libg.a(lib_a-realloc.o)
 .bss           0x02056004        0x0 c:/devkitpro/devkitarm/bin/../lib/gcc/arm-eabi/4.5.1/../../../../arm-eabi/lib/thumb\libg.a(lib_a-reallocr.o)
 .bss           0x02056004        0x0 c:/devkitpro/devkitarm/bin/../lib/gcc/arm-eabi/4.5.1/../../../../arm-eabi/lib/thumb\libg.a(lib_a-setvbuf.o)
 .bss           0x02056004        0x0 c:/devkitpro/devkitarm/bin/../lib/gcc/arm-eabi/4.5.1/../../../../arm-eabi/lib/thumb\libg.a(lib_a-siscanf.o)
 .bss           0x02056004        0x0 c:/devkitpro/devkitarm/bin/../lib/gcc/arm-eabi/4.5.1/../../../../arm-eabi/lib/thumb\libg.a(lib_a-stdio.o)
 .bss           0x02056004        0x0 c:/devkitpro/devkitarm/bin/../lib/gcc/arm-eabi/4.5.1/../../../../arm-eabi/lib/thumb\libg.a(lib_a-strlen.o)
 .bss           0x02056004        0x0 c:/devkitpro/devkitarm/bin/../lib/gcc/arm-eabi/4.5.1/../../../../arm-eabi/lib/thumb\libg.a(lib_a-strncpy.o)
 .bss           0x02056004        0x0 c:/devkitpro/devkitarm/bin/../lib/gcc/arm-eabi/4.5.1/../../../../arm-eabi/lib/thumb\libg.a(lib_a-svfiscanf.o)
 .bss           0x02056004        0x0 c:/devkitpro/devkitarm/bin/../lib/gcc/arm-eabi/4.5.1/../../../../arm-eabi/lib/thumb\libg.a(lib_a-ungetc.o)
 .bss           0x02056004        0x0 c:/devkitpro/devkitarm/bin/../lib/gcc/arm-eabi/4.5.1/../../../../arm-eabi/lib/thumb\libg.a(lib_a-vfiprintf.o)
 .bss           0x02056004        0x0 c:/devkitpro/devkitarm/bin/../lib/gcc/arm-eabi/4.5.1/../../../../arm-eabi/lib/thumb\libg.a(lib_a-wcrtomb.o)
 .bss           0x02056004        0x0 c:/devkitpro/devkitarm/bin/../lib/gcc/arm-eabi/4.5.1/../../../../arm-eabi/lib/thumb\libg.a(lib_a-wcsrtombs.o)
 .bss           0x02056004        0x0 c:/devkitpro/devkitarm/bin/../lib/gcc/arm-eabi/4.5.1/../../../../arm-eabi/lib/thumb\libg.a(lib_a-wctomb_r.o)
 .bss           0x02056004        0x0 c:/devkitpro/devkitarm/bin/../lib/gcc/arm-eabi/4.5.1/../../../../arm-eabi/lib/thumb\libg.a(lib_a-wsetup.o)
 .bss           0x02056004        0x0 c:/devkitpro/devkitarm/bin/../lib/gcc/arm-eabi/4.5.1/../../../../arm-eabi/lib/thumb\libg.a(lib_a-ctype_.o)
 .bss           0x02056004        0x0 c:/devkitpro/devkitarm/bin/../lib/gcc/arm-eabi/4.5.1/../../../../arm-eabi/lib/thumb\libg.a(lib_a-fflush.o)
 .bss           0x02056004        0x0 c:/devkitpro/devkitarm/bin/../lib/gcc/arm-eabi/4.5.1/../../../../arm-eabi/lib/thumb\libg.a(lib_a-findfp.o)
 .bss           0x02056004        0x0 c:/devkitpro/devkitarm/bin/../lib/gcc/arm-eabi/4.5.1/../../../../arm-eabi/lib/thumb\libg.a(lib_a-fputwc.o)
 .bss           0x02056004        0x0 c:/devkitpro/devkitarm/bin/../lib/gcc/arm-eabi/4.5.1/../../../../arm-eabi/lib/thumb\libg.a(lib_a-freer.o)
 .bss           0x02056004        0x0 c:/devkitpro/devkitarm/bin/../lib/gcc/arm-eabi/4.5.1/../../../../arm-eabi/lib/thumb\libg.a(lib_a-fvwrite.o)
 .bss           0x02056004        0x0 c:/devkitpro/devkitarm/bin/../lib/gcc/arm-eabi/4.5.1/../../../../arm-eabi/lib/thumb\libg.a(lib_a-fwalk.o)
 .bss           0x02056004        0x0 c:/devkitpro/devkitarm/bin/../lib/gcc/arm-eabi/4.5.1/../../../../arm-eabi/lib/thumb\libg.a(lib_a-iswspace.o)
 .bss           0x02056004        0x0 c:/devkitpro/devkitarm/bin/../lib/gcc/arm-eabi/4.5.1/../../../../arm-eabi/lib/thumb\libg.a(lib_a-jp2uc.o)
 .bss           0x02056004      0x2b8 c:/devkitpro/devkitarm/bin/../lib/gcc/arm-eabi/4.5.1/../../../../arm-eabi/lib/thumb\libg.a(lib_a-locale.o)
                0x020562b0                __nlocale_changed
                0x020562b4                __mlocale_changed
                0x020562b8                _PathLocale
 .bss           0x020562bc        0x0 c:/devkitpro/devkitarm/bin/../lib/gcc/arm-eabi/4.5.1/../../../../arm-eabi/lib/thumb\libg.a(lib_a-makebuf.o)
 .bss           0x020562bc        0x0 c:/devkitpro/devkitarm/bin/../lib/gcc/arm-eabi/4.5.1/../../../../arm-eabi/lib/thumb\libg.a(lib_a-mbrtowc.o)
 .bss           0x020562bc        0x0 c:/devkitpro/devkitarm/bin/../lib/gcc/arm-eabi/4.5.1/../../../../arm-eabi/lib/thumb\libg.a(lib_a-mbtowc_r.o)
 .bss           0x020562bc        0x0 c:/devkitpro/devkitarm/bin/../lib/gcc/arm-eabi/4.5.1/../../../../arm-eabi/lib/thumb\libg.a(lib_a-memchr.o)
 .bss           0x020562bc        0x0 c:/devkitpro/devkitarm/bin/../lib/gcc/arm-eabi/4.5.1/../../../../arm-eabi/lib/thumb\libg.a(lib_a-memmove.o)
 .bss           0x020562bc        0x0 c:/devkitpro/devkitarm/bin/../lib/gcc/arm-eabi/4.5.1/../../../../arm-eabi/lib/thumb\libg.a(lib_a-sccl.o)
 .bss           0x020562bc        0x0 c:/devkitpro/devkitarm/bin/../lib/gcc/arm-eabi/4.5.1/../../../../arm-eabi/lib/thumb\libg.a(lib_a-strcasecmp.o)
 .bss           0x020562bc        0x0 c:/devkitpro/devkitarm/bin/../lib/gcc/arm-eabi/4.5.1/../../../../arm-eabi/lib/thumb\libg.a(lib_a-strcat.o)
 .bss           0x020562bc        0x0 c:/devkitpro/devkitarm/bin/../lib/gcc/arm-eabi/4.5.1/../../../../arm-eabi/lib/thumb\libg.a(lib_a-strchr.o)
 .bss           0x020562bc        0x0 c:/devkitpro/devkitarm/bin/../lib/gcc/arm-eabi/4.5.1/../../../../arm-eabi/lib/thumb\libg.a(lib_a-strcmp.o)
 .bss           0x020562bc        0x0 c:/devkitpro/devkitarm/bin/../lib/gcc/arm-eabi/4.5.1/../../../../arm-eabi/lib/thumb\libg.a(lib_a-strcpy.o)
 .bss           0x020562bc        0x0 c:/devkitpro/devkitarm/bin/../lib/gcc/arm-eabi/4.5.1/../../../../arm-eabi/lib/thumb\libg.a(lib_a-strlcpy.o)
 .bss           0x020562bc        0x0 c:/devkitpro/devkitarm/bin/../lib/gcc/arm-eabi/4.5.1/../../../../arm-eabi/lib/thumb\libg.a(lib_a-strncasecmp.o)
 .bss           0x020562bc        0x0 c:/devkitpro/devkitarm/bin/../lib/gcc/arm-eabi/4.5.1/../../../../arm-eabi/lib/thumb\libg.a(lib_a-strncmp.o)
 .bss           0x020562bc        0x0 c:/devkitpro/devkitarm/bin/../lib/gcc/arm-eabi/4.5.1/../../../../arm-eabi/lib/thumb\libg.a(lib_a-strtol.o)
 .bss           0x020562bc        0x0 c:/devkitpro/devkitarm/bin/../lib/gcc/arm-eabi/4.5.1/../../../../arm-eabi/lib/thumb\libg.a(lib_a-strtoll_r.o)
 .bss           0x020562bc        0x0 c:/devkitpro/devkitarm/bin/../lib/gcc/arm-eabi/4.5.1/../../../../arm-eabi/lib/thumb\libg.a(lib_a-strtoul.o)
 .bss           0x020562bc        0x0 c:/devkitpro/devkitarm/bin/../lib/gcc/arm-eabi/4.5.1/../../../../arm-eabi/lib/thumb\libg.a(lib_a-strtoull_r.o)
 .bss           0x020562bc        0x0 c:/devkitpro/devkitarm/bin/../lib/gcc/arm-eabi/4.5.1/../../../../arm-eabi/lib/thumb\libg.a(lib_a-wbuf.o)
 .bss           0x020562bc        0x0 c:/devkitpro/devkitarm/bin/../lib/gcc/arm-eabi/4.5.1/../../../../arm-eabi/lib/thumb\libg.a(lib_a-wcsnrtombs.o)
 .bss           0x020562bc        0x0 c:/devkitpro/devkitarm/bin/../lib/gcc/arm-eabi/4.5.1/../../../../arm-eabi/lib/thumb\libg.a(lib_a-fclose.o)
 .bss           0x020562bc        0x0 c:/devkitpro/devkitarm/bin/../lib/gcc/arm-eabi/4.5.1/../../../../arm-eabi/lib/thumb\libg.a(lib_a-getenv_r.o)
 .bss           0x020562bc        0x4 c:/devkitpro/devkitarm/bin/../lib/gcc/arm-eabi/4.5.1/../../../../arm-eabi/lib/thumb\libg.a(lib_a-environ.o)
 .bss           0x020562c0        0x0 c:/devkitpro/devkitarm/bin/../lib/gcc/arm-eabi/4.5.1/../../../../arm-eabi/lib/thumb\libg.a(lib_a-envlock.o)
 .bss           0x020562c0        0x0 c:/devkitpro/devkitarm/bin/../lib/gcc/arm-eabi/4.5.1/../../../../arm-eabi/lib/thumb\libsysbase.a(iosupport.o)
 .bss           0x020562c0        0x0 c:/devkitpro/devkitarm/bin/../lib/gcc/arm-eabi/4.5.1/../../../../arm-eabi/lib/thumb\libsysbase.a(close.o)
 .bss           0x020562c0        0x0 c:/devkitpro/devkitarm/bin/../lib/gcc/arm-eabi/4.5.1/../../../../arm-eabi/lib/thumb\libsysbase.a(fstat.o)
 .bss           0x020562c0        0x0 c:/devkitpro/devkitarm/bin/../lib/gcc/arm-eabi/4.5.1/../../../../arm-eabi/lib/thumb\libsysbase.a(isatty.o)
 .bss           0x020562c0        0x0 c:/devkitpro/devkitarm/bin/../lib/gcc/arm-eabi/4.5.1/../../../../arm-eabi/lib/thumb\libsysbase.a(lseek.o)
 .bss           0x020562c0        0x0 c:/devkitpro/devkitarm/bin/../lib/gcc/arm-eabi/4.5.1/../../../../arm-eabi/lib/thumb\libsysbase.a(read.o)
 .bss           0x020562c0        0x4 c:/devkitpro/devkitarm/bin/../lib/gcc/arm-eabi/4.5.1/../../../../arm-eabi/lib/thumb\libsysbase.a(sbrk.o)
 .bss           0x020562c4        0x0 c:/devkitpro/devkitarm/bin/../lib/gcc/arm-eabi/4.5.1/../../../../arm-eabi/lib/thumb\libsysbase.a(times.o)
 .bss           0x020562c4        0x0 c:/devkitpro/devkitarm/bin/../lib/gcc/arm-eabi/4.5.1/../../../../arm-eabi/lib/thumb\libsysbase.a(write.o)
 .bss           0x020562c4        0x8 c:/devkitpro/devkitarm/bin/../lib/gcc/arm-eabi/4.5.1/../../../../arm-eabi/lib/thumb\libsysbase.a(malloc_vars.o)
                0x020562c4                fake_heap_end
                0x020562c8                fake_heap_start
 .bss           0x020562cc        0x0 c:/devkitpro/devkitarm/bin/../lib/gcc/arm-eabi/4.5.1/../../../../arm-eabi/lib/thumb\libsysbase.a(build_argv.o)
 .bss           0x020562cc        0x8 c:/devkitpro/devkitarm/bin/../lib/gcc/arm-eabi/4.5.1/../../../../arm-eabi/lib/thumb\libsysbase.a(syscall_support.o)
                0x020562cc                __syscalls
 .bss           0x020562d4     0x1000 c:/devkitpro/devkitarm/bin/../lib/gcc/arm-eabi/4.5.1/../../../../arm-eabi/lib/thumb\libsysbase.a(handle_manager.o)
 .bss           0x020572d4        0x0 c:/devkitpro/devkitarm/bin/../lib/gcc/arm-eabi/4.5.1/thumb\libgcc.a(_udivsi3.o)
 .bss           0x020572d4        0x0 c:/devkitpro/devkitarm/bin/../lib/gcc/arm-eabi/4.5.1/thumb\libgcc.a(_aeabi_uldivmod.o)
 .bss           0x020572d4        0x0 c:/devkitpro/devkitarm/bin/../lib/gcc/arm-eabi/4.5.1/thumb\libgcc.a(_muldi3.o)
 .bss           0x020572d4        0x0 c:/devkitpro/devkitarm/bin/../lib/gcc/arm-eabi/4.5.1/thumb\libgcc.a(bpabi.o)
 .bss           0x020572d4        0x0 c:/devkitpro/devkitarm/bin/../lib/gcc/arm-eabi/4.5.1/thumb\libgcc.a(unwind-arm.o)
 .bss           0x020572d4        0x0 c:/devkitpro/devkitarm/bin/../lib/gcc/arm-eabi/4.5.1/thumb\libgcc.a(libunwind.o)
 .bss           0x020572d4        0x0 c:/devkitpro/devkitarm/bin/../lib/gcc/arm-eabi/4.5.1/thumb\libgcc.a(pr-support.o)
 .bss           0x020572d4        0x0 c:/devkitpro/devkitarm/bin/../lib/gcc/arm-eabi/4.5.1/thumb\libgcc.a(_divdi3.o)
 .bss           0x020572d4        0x0 c:/devkitpro/devkitarm/bin/../lib/gcc/arm-eabi/4.5.1/thumb\libgcc.a(_udivdi3.o)
 .bss           0x020572d4        0x0 c:/devkitpro/devkitarm/bin/../lib/gcc/arm-eabi/4.5.1/thumb\libgcc.a(_clzsi2.o)
 .bss           0x020572d4        0x0 c:/devkitpro/devkitarm/bin/../lib/gcc/arm-eabi/4.5.1/../../../../arm-eabi/lib/thumb\libg.a(lib_a-abort.o)
 .bss           0x020572d4        0x0 c:/devkitpro/devkitarm/bin/../lib/gcc/arm-eabi/4.5.1/../../../../arm-eabi/lib/thumb\libg.a(lib_a-errno.o)
 .bss           0x020572d4        0x0 c:/devkitpro/devkitarm/bin/../lib/gcc/arm-eabi/4.5.1/../../../../arm-eabi/lib/thumb\libg.a(lib_a-signal.o)
 .bss           0x020572d4        0x0 c:/devkitpro/devkitarm/bin/../lib/gcc/arm-eabi/4.5.1/../../../../arm-eabi/lib/thumb\libsysbase.a(getpid.o)
 .bss           0x020572d4        0x0 c:/devkitpro/devkitarm/bin/../lib/gcc/arm-eabi/4.5.1/../../../../arm-eabi/lib/thumb\libsysbase.a(kill.o)
 .bss           0x020572d4        0x0 c:/devkitpro/devkitarm/bin/../lib/gcc/arm-eabi/4.5.1/../../../../arm-eabi/lib/thumb\libsysbase.a(_exit.o)
 .bss           0x020572d4        0x0 c:/devkitpro/devkitarm/bin/../lib/gcc/arm-eabi/4.5.1/thumb/crtend.o
 .bss           0x020572d4        0x0 c:/devkitpro/devkitarm/bin/../lib/gcc/arm-eabi/4.5.1/thumb/crtn.o
 *(COMMON)
 COMMON         0x020572d4      0x148 C:/devkitPro/libnds/lib\libnds9.a(background.o)
                0x020572d4                bgState
                0x02057414                bgIsTextLut
 COMMON         0x0205741c       0x5c C:/devkitPro/libnds/lib\libnds9.a(console.o)
                0x0205741c                currentCopy
 COMMON         0x02057478      0x100 C:/devkitPro/libnds/lib\libnds9.a(keyboard.o)
                0x02057478                keyBuffer
 COMMON         0x02057578      0x800 C:/devkitPro/libnds/lib\libnds9.a(sprite.o)
                0x02057578                OamMemorySub
                0x02057978                OamMemory
 COMMON         0x02057d78        0x1 C:/devkitPro/libnds/lib\libnds9.a(initSystem.o)
                0x02057d78                __dsimode
 *fill*         0x02057d79        0x3 00
 COMMON         0x02057d7c      0xa40 C:/devkitPro/libnds/lib\libnds9.a(fifosystem.o)
                0x02057d7c                fifo_datamsg_data
                0x02057dbc                fifo_buffer
                0x020585bc                fifo_value32_func
                0x020585fc                fifo_address_func
                0x0205863c                fifo_value32_data
                0x0205867c                fifo_value32_queue
                0x020586bc                fifo_data_queue
                0x020586fc                fifo_address_data
                0x0205873c                fifo_datamsg_func
                0x0205877c                fifo_address_queue
 COMMON         0x020587bc        0x4 c:/devkitpro/devkitarm/bin/../lib/gcc/arm-eabi/4.5.1/../../../../arm-eabi/lib/thumb\libsysbase.a(times.o)
                0x020587bc                punixTime
                0x020587c0                . = ALIGN (0x4)
                0x020587c0                __bss_end = ABSOLUTE (.)
                0x020587c0                __bss_end__ = __bss_end
                0x020587c0                _end = __bss_end__
                0x020587c0                __end__ = __bss_end__

.stab
 *(.stab)

.stabstr
 *(.stabstr)

.stab.excl
 *(.stab.excl)

.stab.exclstr
 *(.stab.exclstr)

.stab.index
 *(.stab.index)

.stab.indexstr
 *(.stab.indexstr)

.ARM.attributes
                0x00000000       0x2d load address 0x02055f88
 .ARM.attributes
                0x00000000       0x21 c:/devkitpro/devkitarm/bin/../lib/gcc/arm-eabi/4.5.1/../../../../arm-eabi/lib/thumb/ds_arm9_crt0.o
 .ARM.attributes
                0x00000021       0x20 c:/devkitpro/devkitarm/bin/../lib/gcc/arm-eabi/4.5.1/thumb/crti.o
 .ARM.attributes
                0x00000041       0x30 c:/devkitpro/devkitarm/bin/../lib/gcc/arm-eabi/4.5.1/thumb/crtbegin.o
 .ARM.attributes
                0x00000071       0x20 cheese.o
 .ARM.attributes
                0x00000091       0x20 drunkenlogo.o
 .ARM.attributes
                0x000000b1       0x20 drunkenlogo_2.o
 .ARM.attributes
                0x000000d1       0x20 map.o
 .ARM.attributes
                0x000000f1       0x20 the_end.o
 .ARM.attributes
                0x00000111       0x20 man.o
 .ARM.attributes
                0x00000131       0x27 handleEvent.o
 .ARM.attributes
                0x00000158       0x27 main.o
 .ARM.attributes
                0x0000017f       0x27 utils.o
 .ARM.attributes
                0x000001a6       0x27 C:/devkitPro/libnds/lib\libnds9.a(background.o)
 .ARM.attributes
                0x000001cd       0x27 C:/devkitPro/libnds/lib\libnds9.a(console.o)
 .ARM.attributes
                0x000001f4       0x27 C:/devkitPro/libnds/lib\libnds9.a(keyboard.o)
 .ARM.attributes
                0x0000021b       0x27 C:/devkitPro/libnds/lib\libnds9.a(keys.o)
 .ARM.attributes
                0x00000242       0x27 C:/devkitPro/libnds/lib\libnds9.a(sassert.o)
 .ARM.attributes
                0x00000269       0x27 C:/devkitPro/libnds/lib\libnds9.a(sprite.o)
 .ARM.attributes
                0x00000290       0x27 C:/devkitPro/libnds/lib\libnds9.a(sprite_alloc.o)
 .ARM.attributes
                0x000002b7       0x27 C:/devkitPro/libnds/lib\libnds9.a(touch.o)
 .ARM.attributes
                0x000002de       0x27 C:/devkitPro/libnds/lib\libnds9.a(trig.o)
 .ARM.attributes
                0x00000305       0x27 C:/devkitPro/libnds/lib\libnds9.a(initSystem.o)
 .ARM.attributes
                0x0000032c       0x27 C:/devkitPro/libnds/lib\libnds9.a(fifosystem.o)
 .ARM.attributes
                0x00000353       0x27 C:/devkitPro/libnds/lib\libnds9.a(interrupts.o)
 .ARM.attributes
                0x0000037a       0x27 C:/devkitPro/libnds/lib\libnds9.a(libnds_exit.o)
 .ARM.attributes
                0x000003a1       0x1b C:/devkitPro/libnds/lib\libnds9.a(dcache.o)
 .ARM.attributes
                0x000003bc       0x21 C:/devkitPro/libnds/lib\libnds9.a(mpu_setup.o)
 .ARM.attributes
                0x000003dd       0x1b C:/devkitPro/libnds/lib\libnds9.a(biosCalls.o)
 .ARM.attributes
                0x000003f8       0x1b C:/devkitPro/libnds/lib\libnds9.a(debugprint.o)
 .ARM.attributes
                0x00000413       0x1b C:/devkitPro/libnds/lib\libnds9.a(interruptDispatcher.o)
 .ARM.attributes
                0x0000042e       0x21 C:/devkitPro/libnds/lib\libnds9.a(swiSoftReset.o)
 .ARM.attributes
                0x0000044f       0x14 C:/devkitPro/libnds/lib\libnds9.a(default_font.bin.o)
 .ARM.attributes
                0x00000463       0x1b C:/devkitPro/libnds/lib\libnds9.a(keyboardGfx.o)
 .ARM.attributes
                0x0000047e       0x27 C:/devkitPro/libnds/lib\libnds9.a(decompress.o)
 .ARM.attributes
                0x000004a5       0x27 C:/devkitPro/libnds/lib\libnds9.a(system.o)
 .ARM.attributes
                0x000004cc       0x27 C:/devkitPro/libnds/lib\libnds9.a(video.o)
 .ARM.attributes
                0x000004f3       0x27 C:/devkitPro/libnds/lib\libnds9.a(syscalls.o)
 .ARM.attributes
                0x0000051a       0x22 c:/devkitpro/devkitarm/bin/../lib/gcc/arm-eabi/4.5.1/thumb\libgcc.a(_divsi3.o)
 .ARM.attributes
                0x0000053c       0x22 c:/devkitpro/devkitarm/bin/../lib/gcc/arm-eabi/4.5.1/thumb\libgcc.a(_dvmd_tls.o)
 .ARM.attributes
                0x0000055e       0x30 c:/devkitpro/devkitarm/bin/../lib/gcc/arm-eabi/4.5.1/../../../../arm-eabi/lib/thumb\libg.a(lib_a-bsearch.o)
 .ARM.attributes
                0x0000058e       0x30 c:/devkitpro/devkitarm/bin/../lib/gcc/arm-eabi/4.5.1/../../../../arm-eabi/lib/thumb\libg.a(lib_a-impure.o)
 .ARM.attributes
                0x000005be       0x30 c:/devkitpro/devkitarm/bin/../lib/gcc/arm-eabi/4.5.1/../../../../arm-eabi/lib/thumb\libg.a(lib_a-init.o)
 .ARM.attributes
                0x000005ee       0x30 c:/devkitpro/devkitarm/bin/../lib/gcc/arm-eabi/4.5.1/../../../../arm-eabi/lib/thumb\libg.a(lib_a-iprintf.o)
 .ARM.attributes
                0x0000061e       0x30 c:/devkitpro/devkitarm/bin/../lib/gcc/arm-eabi/4.5.1/../../../../arm-eabi/lib/thumb\libg.a(lib_a-malloc.o)
 .ARM.attributes
                0x0000064e       0x30 c:/devkitpro/devkitarm/bin/../lib/gcc/arm-eabi/4.5.1/../../../../arm-eabi/lib/thumb\libg.a(lib_a-mallocr.o)
 .ARM.attributes
                0x0000067e       0x30 c:/devkitpro/devkitarm/bin/../lib/gcc/arm-eabi/4.5.1/../../../../arm-eabi/lib/thumb\libg.a(lib_a-memcpy.o)
 .ARM.attributes
                0x000006ae       0x30 c:/devkitpro/devkitarm/bin/../lib/gcc/arm-eabi/4.5.1/../../../../arm-eabi/lib/thumb\libg.a(lib_a-memset.o)
 .ARM.attributes
                0x000006de       0x30 c:/devkitpro/devkitarm/bin/../lib/gcc/arm-eabi/4.5.1/../../../../arm-eabi/lib/thumb\libg.a(lib_a-mlock.o)
 .ARM.attributes
                0x0000070e       0x30 c:/devkitpro/devkitarm/bin/../lib/gcc/arm-eabi/4.5.1/../../../../arm-eabi/lib/thumb\libg.a(lib_a-realloc.o)
 .ARM.attributes
                0x0000073e       0x30 c:/devkitpro/devkitarm/bin/../lib/gcc/arm-eabi/4.5.1/../../../../arm-eabi/lib/thumb\libg.a(lib_a-reallocr.o)
 .ARM.attributes
                0x0000076e       0x30 c:/devkitpro/devkitarm/bin/../lib/gcc/arm-eabi/4.5.1/../../../../arm-eabi/lib/thumb\libg.a(lib_a-setvbuf.o)
 .ARM.attributes
                0x0000079e       0x30 c:/devkitpro/devkitarm/bin/../lib/gcc/arm-eabi/4.5.1/../../../../arm-eabi/lib/thumb\libg.a(lib_a-siscanf.o)
 .ARM.attributes
                0x000007ce       0x30 c:/devkitpro/devkitarm/bin/../lib/gcc/arm-eabi/4.5.1/../../../../arm-eabi/lib/thumb\libg.a(lib_a-stdio.o)
 .ARM.attributes
                0x000007fe       0x30 c:/devkitpro/devkitarm/bin/../lib/gcc/arm-eabi/4.5.1/../../../../arm-eabi/lib/thumb\libg.a(lib_a-strlen.o)
 .ARM.attributes
                0x0000082e       0x30 c:/devkitpro/devkitarm/bin/../lib/gcc/arm-eabi/4.5.1/../../../../arm-eabi/lib/thumb\libg.a(lib_a-strncpy.o)
 .ARM.attributes
                0x0000085e       0x30 c:/devkitpro/devkitarm/bin/../lib/gcc/arm-eabi/4.5.1/../../../../arm-eabi/lib/thumb\libg.a(lib_a-svfiscanf.o)
 .ARM.attributes
                0x0000088e       0x30 c:/devkitpro/devkitarm/bin/../lib/gcc/arm-eabi/4.5.1/../../../../arm-eabi/lib/thumb\libg.a(lib_a-ungetc.o)
 .ARM.attributes
                0x000008be       0x30 c:/devkitpro/devkitarm/bin/../lib/gcc/arm-eabi/4.5.1/../../../../arm-eabi/lib/thumb\libg.a(lib_a-vfiprintf.o)
 .ARM.attributes
                0x000008ee       0x30 c:/devkitpro/devkitarm/bin/../lib/gcc/arm-eabi/4.5.1/../../../../arm-eabi/lib/thumb\libg.a(lib_a-wcrtomb.o)
 .ARM.attributes
                0x0000091e       0x30 c:/devkitpro/devkitarm/bin/../lib/gcc/arm-eabi/4.5.1/../../../../arm-eabi/lib/thumb\libg.a(lib_a-wcsrtombs.o)
 .ARM.attributes
                0x0000094e       0x30 c:/devkitpro/devkitarm/bin/../lib/gcc/arm-eabi/4.5.1/../../../../arm-eabi/lib/thumb\libg.a(lib_a-wctomb_r.o)
 .ARM.attributes
                0x0000097e       0x30 c:/devkitpro/devkitarm/bin/../lib/gcc/arm-eabi/4.5.1/../../../../arm-eabi/lib/thumb\libg.a(lib_a-wsetup.o)
 .ARM.attributes